Microchip MPLAB XC8 Compiler V1.34 ()

Linker command line:

--edf=/opt/microchip/xc8/v1.34/dat/en_msgs.txt -cs \
  -h+dist/default/production/990027251-A_Firmware_Level_Alarm.production.sym \
  --cmf=dist/default/production/990027251-A_Firmware_Level_Alarm.production.cmf \
  -z -Q16F876 -o/tmp/cgt1Nvh50 \
  -Mdist/default/production/990027251-A_Firmware_Level_Alarm.production.map \
  -E1 -ver=XC8 -ASTACK=0110h-016fh -pstack=STACK -ACODE=00h-07FFhx4 \
  -ASTRCODE=00h-01FFFh -ASTRING=00h-0FFhx32 -ACONST=00h-0FFhx32 \
  -AENTRY=00h-0FFhx32 -ACOMMON=070h-07Fh -ABANK0=020h-06Fh \
  -ABANK1=0A0h-0EFh -ABANK2=0110h-016Fh -ABANK3=0190h-01EFh \
  -ARAM=020h-06Fh,0A0h-0EFh,0110h-016Fh,0190h-01EFh \
  -AABS1=020h-07Fh,0A0h-0EFh,0110h-016Fh,0190h-01EFh -ASFR0=00h-01Fh \
  -ASFR1=080h-09Fh -ASFR2=0100h-010Fh -ASFR3=0180h-018Fh \
  -preset_vec=00h,intentry=04h,init,end_init -ppowerup=CODE -pcinit=CODE \
  -pfunctab=CODE -ACONFIG=02007h-02007h -pconfig=CONFIG -DCONFIG=2 \
  -AIDLOC=02000h-02003h -pidloc=IDLOC -DIDLOC=2 -AEEDATA=00h-0FFh/02100h \
  -peeprom_data=EEDATA -DEEDATA=2 -DCODE=2 -DSTRCODE=2 -DSTRING=2 -DCONST=2 \
  -DENTRY=2 -k /tmp/cgtiZmFb8.obj \
  dist/default/production/990027251-A_Firmware_Level_Alarm.production.obj 

Object code version is 3.11

Machine type is 16F876



                Name                               Link     Load   Length Selector   Space Scale
/tmp/cgtiZmFb8.obj
                end_init                             12       12        3        8       0
                reset_vec                             0        0        3        0       0
                config                             2007     2007        1     400E       0
dist/default/production/990027251-A_Firmware_Level_Alarm.production.obj
                cinit                                15       15        B        8       0
                intentry                              4        4        E        8       0
                text19                              2A3      2A3       4B        8       0
                text18                              431      431        8      7E4       0
                text17                              1DD      1DD       C6        8       0
                text16                              3C9      3C9       13        8       0
                text15                              3DC      3DC        C        8       0
                text14                              2EE      2EE       44        8       0
                text13                              429      429        8      7E4       0
                text12                              3FC      3FC        A      7E4       0
                text11                              3F2      3F2        A      7E4       0
                text10                              332      332       3F        8       0
                text9                               371      371       2A        8       0
                text8                                20       20       EB        8       0
                text7                               3B3      3B3       16        8       0
                text6                               39B      39B       18        8       0
                text5                               418      418        9      7E4       0
                text4                               43F      43F        4      7E4       0
                text3                               439      439        6      7E4       0
                text2                               40F      40F        9      7E4       0
                text1                               406      406        9      7E4       0
                maintext                            10B      10B       D2        8       0
                cstackBANK0                          32       32        E       20       1
                cstackCOMMON                         70       70        E       70       1
                clrtext                             421      421        8      7E4       0
                bssBANK0                             20       20       12       20       1
                strings                             3E8      3E8        A      7D0       0

TOTAL           Name                               Link     Load   Length     Space
        CLASS   STACK          

        CLASS   CODE           
                end_init                             12       12        3         0
                cinit                                15       15        B         0
                intentry                              4        4        E         0
                reset_vec                             0        0        3         0
                text19                              2A3      2A3       4B         0
                text18                              431      431        8         0
                text17                              1DD      1DD       C6         0
                text16                              3C9      3C9       13         0
                text15                              3DC      3DC        C         0
                text14                              2EE      2EE       44         0
                text13                              429      429        8         0
                text12                              3FC      3FC        A         0
                text11                              3F2      3F2        A         0
                text10                              332      332       3F         0
                text9                               371      371       2A         0
                text8                                20       20       EB         0
                text7                               3B3      3B3       16         0
                text6                               39B      39B       18         0
                text5                               418      418        9         0
                text4                               43F      43F        4         0
                text3                               439      439        6         0
                text2                               40F      40F        9         0
                text1                               406      406        9         0
                maintext                            10B      10B       D2         0
                clrtext                             421      421        8         0

        CLASS   STRCODE        

        CLASS   STRING         
                strings                             3E8      3E8        A         0

        CLASS   CONST          

        CLASS   ENTRY          

        CLASS   COMMON         
                cstackCOMMON                         70       70        E         1

        CLASS   BANK0          
                cstackBANK0                          32       32        E         1
                bssBANK0                             20       20       12         1

        CLASS   BANK1          

        CLASS   BANK2          

        CLASS   BANK3          

        CLASS   RAM            

        CLASS   ABS1           
                abs_s1                               7E       7E        2         1

        CLASS   SFR0           

        CLASS   SFR1           

        CLASS   SFR2           

        CLASS   SFR3           

        CLASS   CONFIG         
                config                             2007     2007        1         0

        CLASS   IDLOC          

        CLASS   EEDATA         



SEGMENTS        Name                           Load    Length   Top    Selector   Space  Class     Delta

                reset_vec                      000000  000003  000003         0       0  CODE        2
                intentry                       000004  0003E4  0003E8         8       0  CODE        2
                bssBANK0                       000020  000020  000040        20       1  BANK0       1
                cstackCOMMON                   000070  00000E  00007E        70       1  COMMON      1
                strings                        0003E8  00000A  0003F2       7D0       0  STRING      2
                text11                         0003F2  000051  000443       7E4       0  CODE        2
                config                         002007  000001  002008      400E       0  CONFIG      2


UNUSED ADDRESS RANGES

        Name                Unused          Largest block    Delta
        BANK0            0040-006F             30           1
        BANK1            00A0-00EF             50           1
        BANK2            0110-016F             60           1
        BANK3            0190-01EF             60           1
        CODE             0003-0003              1           2
                         0443-1FFF            800
        CONST            0003-0003              1           2
                         0443-1FFF            100
        EEDATA           2100-21FF            100           2
        ENTRY            0003-0003              1           2
                         0443-1FFF            100
        IDLOC            2000-2003              4           2
        RAM              0040-006F             30           1
                         00A0-00EF             50
                         0110-016F             60
                         0190-01EF             60
        SFR0             0000-001F             20           1
        SFR1             0080-009F             20           1
        SFR2             0100-010F             10           1
        SFR3             0180-018F             10           1
        STACK            0110-016F             60           1
        STRCODE          0003-0003              1           2
                         0443-1FFF           1BBD
        STRING           0003-0003              1           2
                         0443-1FFF            100

                                  Symbol Table

?___awmod                   cstackCOMMON 0070
ISR@adcResult               bssBANK0     0020
ISR@blinkCounter            bssBANK0     0022
_ADCON0bits                 (abs)        001F
_ADCON1bits                 (abs)        009F
_ADIE                       (abs)        0466
_ADIF                       (abs)        0066
_ADRESH                     (abs)        001E
_ADRESL                     (abs)        009E
_FILTERTMR_TO_EMPTY         strings      03EE
_FILTERTMR_TO_FULL          strings      03F0
_INTCONbits                 (abs)        000B
_ISR                        text17       01DD
_OPTION_REGbits             (abs)        0081
_PIE1bits                   (abs)        008C
_PORTB                      (abs)        0006
_PORTC                      (abs)        0007
_T1CONbits                  (abs)        0010
_T2CONbits                  (abs)        0012
_TMR0IE                     (abs)        005D
_TMR0IF                     (abs)        005A
_TMR1IE                     (abs)        0460
_TMR1IF                     (abs)        0060
_TMR2IE                     (abs)        0461
_TMR2IF                     (abs)        0061
_TRISA                      (abs)        0085
_TRISB                      (abs)        0086
_TRISC                      (abs)        0087
__CFG_BOREN$ON              (abs)        0000
__CFG_CP$OFF                (abs)        0000
__CFG_CPD$OFF               (abs)        0000
__CFG_FOSC$HS               (abs)        0000
__CFG_LVP$OFF               (abs)        0000
__CFG_PWRTE$OFF             (abs)        0000
__CFG_WDTE$OFF              (abs)        0000
__CFG_WRT$ON                (abs)        0000
__Habs1                     abs1         0000
__Hbank0                    bank0        0000
__Hbank1                    bank1        0000
__Hbank2                    bank2        0000
__Hbank3                    bank3        0000
__HbssBANK0                 bssBANK0     0000
__Hcinit                    cinit        0020
__Hclrtext                  clrtext      0000
__Hcode                     code         0000
__Hcommon                   common       0000
__Hconfig                   config       2008
__HcstackBANK0              cstackBANK0  0000
__HcstackCOMMON             cstackCOMMON 0000
__Heeprom_data              eeprom_data  0000
__Hend_init                 end_init     0015
__Hfunctab                  functab      0000
__Hidloc                    idloc        0000
__Hinit                     init         0012
__Hintentry                 intentry     0012
__Hmaintext                 maintext     0000
__Hpowerup                  powerup      0000
__Hram                      ram          0000
__Hreset_vec                reset_vec    0003
__Hsfr0                     sfr0         0000
__Hsfr1                     sfr1         0000
__Hsfr2                     sfr2         0000
__Hsfr3                     sfr3         0000
__Hspace_0                  (abs)        2008
__Hspace_1                  (abs)        007E
__Hspace_2                  (abs)        0000
__Hspace_3                  (abs)        0000
__Hstack                    stack        0000
__Hstrings                  strings      0000
__Htext                     text         0000
__Labs1                     abs1         0000
__Lbank0                    bank0        0000
__Lbank1                    bank1        0000
__Lbank2                    bank2        0000
__Lbank3                    bank3        0000
__LbssBANK0                 bssBANK0     0000
__Lcinit                    cinit        0015
__Lclrtext                  clrtext      0000
__Lcode                     code         0000
__Lcommon                   common       0000
__Lconfig                   config       2007
__LcstackBANK0              cstackBANK0  0000
__LcstackCOMMON             cstackCOMMON 0000
__Leeprom_data              eeprom_data  0000
__Lend_init                 end_init     0012
__Lfunctab                  functab      0000
__Lidloc                    idloc        0000
__Linit                     init         0012
__Lintentry                 intentry     0004
__Lmaintext                 maintext     0000
__Lpowerup                  powerup      0000
__Lram                      ram          0000
__Lreset_vec                reset_vec    0000
__Lsfr0                     sfr0         0000
__Lsfr1                     sfr1         0000
__Lsfr2                     sfr2         0000
__Lsfr3                     sfr3         0000
__Lspace_0                  (abs)        0000
__Lspace_1                  (abs)        0000
__Lspace_2                  (abs)        0000
__Lspace_3                  (abs)        0000
__Lstack                    stack        0000
__Lstrings                  strings      0000
__Ltext                     text         0000
__S0                        (abs)        2008
__S1                        (abs)        007E
__S2                        (abs)        0000
__S3                        (abs)        0000
___awmod                    text19       02A3
___awmod@counter            cstackCOMMON 0075
___awmod@dividend           cstackCOMMON 0072
___awmod@divisor            cstackCOMMON 0070
___awmod@sign               cstackCOMMON 0076
___bmul                     text16       03C9
___bmul@multiplicand        cstackBANK0  0032
___bmul@multiplier          cstackBANK0  0035
___bmul@product             cstackBANK0  0034
___int_sp                   stack        0000
___latbits                  (abs)        0002
___sp                       stack        0000
__end_of_FILTERTMR_TO_EMPTY strings      03F0
__end_of_FILTERTMR_TO_FULL  strings      03F2
__end_of_ISR                text17       02A3
__end_of___awmod            text19       02EE
__end_of___bmul             text16       03DC
__end_of__initialization    cinit        001C
__end_of__stringtab         strings      03EE
__end_of_adc_init_CH0       text15       03E8
__end_of_adc_start          text12       0406
__end_of_blinkLed           text14       0332
__end_of_checkAlarmState    text9        039B
__end_of_checkSensorState   text8        010B
__end_of_checkTankStatus    text7        03C9
__end_of_init_sensor        text6        03B3
__end_of_main               maintext     01DD
__end_of_timer0_init        text5        0421
__end_of_timer0_start       text4        0443
__end_of_timer1_init        text3        043F
__end_of_timer1_start       text11       03FC
__end_of_timer1_stop        text13       0431
__end_of_timer2_init        text2        0418
__end_of_timer2_start       text1        040F
__end_of_turnAlarmOn        text10       0371
__end_ofi1_timer1_stop      text18       0439
__initialization            cinit        0015
__pbssBANK0                 bssBANK0     0020
__pcstackBANK0              cstackBANK0  0032
__pcstackCOMMON             cstackCOMMON 0070
__pintentry                 intentry     0004
__pmaintext                 maintext     010B
__pstrings                  strings      03E8
__ptext1                    text1        0406
__ptext10                   text10       0332
__ptext11                   text11       03F2
__ptext12                   text12       03FC
__ptext13                   text13       0429
__ptext14                   text14       02EE
__ptext15                   text15       03DC
__ptext16                   text16       03C9
__ptext17                   text17       01DD
__ptext18                   text18       0431
__ptext19                   text19       02A3
__ptext2                    text2        040F
__ptext3                    text3        0439
__ptext4                    text4        043F
__ptext5                    text5        0418
__ptext6                    text6        039B
__ptext7                    text7        03B3
__ptext8                    text8        0020
__ptext9                    text9        0371
__size_of_ISR               (abs)        0000
__size_of___awmod           (abs)        0000
__size_of___bmul            (abs)        0000
__size_of_adc_init_CH0      (abs)        0000
__size_of_adc_start         (abs)        0000
__size_of_blinkLed          (abs)        0000
__size_of_checkAlarmState   (abs)        0000
__size_of_checkSensorState  (abs)        0000
__size_of_checkTankStatus   (abs)        0000
__size_of_init_sensor       (abs)        0000
__size_of_main              (abs)        0000
__size_of_timer0_init       (abs)        0000
__size_of_timer0_start      (abs)        0000
__size_of_timer1_init       (abs)        0000
__size_of_timer1_start      (abs)        0000
__size_of_timer1_stop       (abs)        0000
__size_of_timer2_init       (abs)        0000
__size_of_timer2_start      (abs)        0000
__size_of_turnAlarmOn       (abs)        0000
__size_ofi1_timer1_stop     (abs)        0000
__stringbase                strings      03ED
__stringtab                 strings      03E8
_adc_init_CH0               text15       03DC
_adc_start                  text12       03FC
_blinkLed                   text14       02EE
_blinkState                 bssBANK0     0031
_checkAlarmState            text9        0371
_checkSensorState           text8        0020
_checkTankStatus            text7        03B3
_init_sensor                text6        039B
_levelSensors               bssBANK0     0024
_main                       maintext     010B
_theAlarm                   bssBANK0     002E
_timer0_init                text5        0418
_timer0_start               text4        043F
_timer1_init                text3        0439
_timer1_start               text11       03F2
_timer1_stop                text13       0429
_timer2_init                text2        040F
_timer2_start               text1        0406
_turnAlarmOn                text10       0332
blinkLed@almState           cstackBANK0  0033
blinkLed@blinkState         cstackBANK0  0034
blinkLed@stateOne           cstackBANK0  0036
blinkLed@stateTwo           cstackBANK0  0032
btemp                       (abs)        007E
checkAlarmState@theAlarm    cstackBANK0  0036
checkAlarmState@theSensor   cstackBANK0  0039
checkSensorState@theSensor  cstackBANK0  0037
checkTankStatus@theSensor   cstackBANK0  0033
clear_ram0                  clrtext      0421
end_of_initialization       cinit        001C
i1_timer1_stop              text18       0431
init_sensor@theSensor_init  cstackBANK0  0033
interrupt_function          intentry     0004
intlevel0                   functab      0000
intlevel1                   functab      0000
intlevel2                   functab      0000
intlevel3                   functab      0000
intlevel4                   functab      0000
intlevel5                   functab      0000
ltemp                       (abs)        007E
ltemp0                      (abs)        007E
ltemp1                      (abs)        0082
ltemp2                      (abs)        0086
ltemp3                      (abs)        0080
main@i                      cstackBANK0  003F
main@i_139                  cstackBANK0  003D
reset_vec                   reset_vec    0000
saved_w                     (abs)        007E
stackhi                     (abs)        0000
stacklo                     (abs)        0000
start                       init         0012
start_initialization        cinit        0015
ttemp                       (abs)        007E
ttemp0                      (abs)        007E
ttemp1                      (abs)        0081
ttemp2                      (abs)        0084
ttemp3                      (abs)        0087
ttemp4                      (abs)        007F
turnAlarmOn@theAlarm        cstackBANK0  0033
wtemp                       (abs)        007E
wtemp0                      (abs)        007E
wtemp1                      (abs)        0080
wtemp2                      (abs)        0082
wtemp3                      (abs)        0084
wtemp4                      (abs)        0086
wtemp5                      (abs)        0088
wtemp6                      (abs)        007F


FUNCTION INFORMATION:

 *************** function _main *****************
 Defined at:
		line 123 in file "main.c"
 Parameters:    Size  Location     Type
		None
 Auto vars:     Size  Location     Type
  i               2   11[BANK0 ] int 
  i               1   13[BANK0 ] unsigned char 
 Return value:  Size  Location     Type
                  2   98[None  ] int 
 Registers used:
		wreg, fsr0l, fsr0h, status,2, status,0, btemp+1, pclath, cstack
 Tracked objects:
		On entry : 
		On exit  : 
		Unchanged: 
 Data sizes:     COMMON   BANK0   BANK1   BANK3   BANK2
      Params:         0       0       0       0       0
      Locals:         0       3       0       0       0
      Temps:          0       3       0       0       0
      Totals:         0       6       0       0       0
Total ram usage:        6 bytes
 Hardware stack levels required when called:    5
 This function calls:
		___bmul
		_adc_init_CH0
		_blinkLed
		_checkAlarmState
		_checkSensorState
		_checkTankStatus
		_init_sensor
		_timer0_init
		_timer0_start
		_timer1_init
		_timer2_init
		_timer2_start
 This function is called by:
		Startup code after reset
 This function uses a non-reentrant model


 *************** function _timer2_start *****************
 Defined at:
		line 162 in file "util.c"
 Parameters:    Size  Location     Type
		None
 Auto vars:     Size  Location     Type
		None
 Return value:  Size  Location     Type
		None               void
 Registers used:
		None
 Tracked objects:
		On entry : 
		On exit  : 
		Unchanged: 
 Data sizes:     COMMON   BANK0   BANK1   BANK3   BANK2
      Params:         0       0       0       0       0
      Locals:         0       0       0       0       0
      Temps:          0       0       0       0       0
      Totals:         0       0       0       0       0
Total ram usage:        0 bytes
 Hardware stack levels used:    1
 Hardware stack levels required when called:    2
 This function calls:
		Nothing
 This function is called by:
		_main
 This function uses a non-reentrant model


 *************** function _timer2_init *****************
 Defined at:
		line 157 in file "util.c"
 Parameters:    Size  Location     Type
		None
 Auto vars:     Size  Location     Type
		None
 Return value:  Size  Location     Type
		None               void
 Registers used:
		wreg, status,2, status,0
 Tracked objects:
		On entry : 
		On exit  : 
		Unchanged: 
 Data sizes:     COMMON   BANK0   BANK1   BANK3   BANK2
      Params:         0       0       0       0       0
      Locals:         0       0       0       0       0
      Temps:          0       0       0       0       0
      Totals:         0       0       0       0       0
Total ram usage:        0 bytes
 Hardware stack levels used:    1
 Hardware stack levels required when called:    2
 This function calls:
		Nothing
 This function is called by:
		_main
 This function uses a non-reentrant model


 *************** function _timer1_init *****************
 Defined at:
		line 128 in file "util.c"
 Parameters:    Size  Location     Type
		None
 Auto vars:     Size  Location     Type
		None
 Return value:  Size  Location     Type
		None               void
 Registers used:
		wreg, status,2, status,0
 Tracked objects:
		On entry : 
		On exit  : 
		Unchanged: 
 Data sizes:     COMMON   BANK0   BANK1   BANK3   BANK2
      Params:         0       0       0       0       0
      Locals:         0       0       0       0       0
      Temps:          0       0       0       0       0
      Totals:         0       0       0       0       0
Total ram usage:        0 bytes
 Hardware stack levels used:    1
 Hardware stack levels required when called:    2
 This function calls:
		Nothing
 This function is called by:
		_main
 This function uses a non-reentrant model


 *************** function _timer0_start *****************
 Defined at:
		line 182 in file "util.c"
 Parameters:    Size  Location     Type
		None
 Auto vars:     Size  Location     Type
		None
 Return value:  Size  Location     Type
		None               void
 Registers used:
		None
 Tracked objects:
		On entry : 
		On exit  : 
		Unchanged: 
 Data sizes:     COMMON   BANK0   BANK1   BANK3   BANK2
      Params:         0       0       0       0       0
      Locals:         0       0       0       0       0
      Temps:          0       0       0       0       0
      Totals:         0       0       0       0       0
Total ram usage:        0 bytes
 Hardware stack levels used:    1
 Hardware stack levels required when called:    2
 This function calls:
		Nothing
 This function is called by:
		_main
 This function uses a non-reentrant model


 *************** function _timer0_init *****************
 Defined at:
		line 175 in file "util.c"
 Parameters:    Size  Location     Type
		None
 Auto vars:     Size  Location     Type
		None
 Return value:  Size  Location     Type
		None               void
 Registers used:
		wreg, status,2, status,0
 Tracked objects:
		On entry : 
		On exit  : 
		Unchanged: 
 Data sizes:     COMMON   BANK0   BANK1   BANK3   BANK2
      Params:         0       0       0       0       0
      Locals:         0       0       0       0       0
      Temps:          0       0       0       0       0
      Totals:         0       0       0       0       0
Total ram usage:        0 bytes
 Hardware stack levels used:    1
 Hardware stack levels required when called:    2
 This function calls:
		Nothing
 This function is called by:
		_main
 This function uses a non-reentrant model


 *************** function _init_sensor *****************
 Defined at:
		line 95 in file "util.c"
 Parameters:    Size  Location     Type
  theSensor_in    1    wreg     PTR volatile struct leve
		 -> levelSensors(10), 
 Auto vars:     Size  Location     Type
  theSensor_in    1    1[BANK0 ] PTR volatile struct leve
		 -> levelSensors(10), 
 Return value:  Size  Location     Type
		None               void
 Registers used:
		wreg, fsr0l, fsr0h, status,2, status,0
 Tracked objects:
		On entry : 
		On exit  : 
		Unchanged: 
 Data sizes:     COMMON   BANK0   BANK1   BANK3   BANK2
      Params:         0       0       0       0       0
      Locals:         0       1       0       0       0
      Temps:          0       1       0       0       0
      Totals:         0       2       0       0       0
Total ram usage:        2 bytes
 Hardware stack levels used:    1
 Hardware stack levels required when called:    2
 This function calls:
		Nothing
 This function is called by:
		_main
 This function uses a non-reentrant model


 *************** function _checkTankStatus *****************
 Defined at:
		line 4 in file "util.c"
 Parameters:    Size  Location     Type
  theSensor       1    wreg     PTR volatile struct leve
		 -> levelSensors(10), 
 Auto vars:     Size  Location     Type
  theSensor       1    1[BANK0 ] PTR volatile struct leve
		 -> levelSensors(10), 
 Return value:  Size  Location     Type
		None               void
 Registers used:
		wreg, fsr0l, fsr0h, status,2, status,0
 Tracked objects:
		On entry : 
		On exit  : 
		Unchanged: 
 Data sizes:     COMMON   BANK0   BANK1   BANK3   BANK2
      Params:         0       0       0       0       0
      Locals:         0       1       0       0       0
      Temps:          0       1       0       0       0
      Totals:         0       2       0       0       0
Total ram usage:        2 bytes
 Hardware stack levels used:    1
 Hardware stack levels required when called:    2
 This function calls:
		Nothing
 This function is called by:
		_main
 This function uses a non-reentrant model


 *************** function _checkSensorState *****************
 Defined at:
		line 20 in file "util.c"
 Parameters:    Size  Location     Type
  theSensor       1    wreg     PTR volatile struct leve
		 -> levelSensors(10), 
 Auto vars:     Size  Location     Type
  theSensor       1    5[BANK0 ] PTR volatile struct leve
		 -> levelSensors(10), 
 Return value:  Size  Location     Type
		None               void
 Registers used:
		wreg, fsr0l, fsr0h, status,2, status,0, btemp+1, pclath
 Tracked objects:
		On entry : 
		On exit  : 
		Unchanged: 
 Data sizes:     COMMON   BANK0   BANK1   BANK3   BANK2
      Params:         0       0       0       0       0
      Locals:         0       1       0       0       0
      Temps:          0       5       0       0       0
      Totals:         0       6       0       0       0
Total ram usage:        6 bytes
 Hardware stack levels used:    1
 Hardware stack levels required when called:    2
 This function calls:
		Nothing
 This function is called by:
		_main
 This function uses a non-reentrant model


 *************** function _checkAlarmState *****************
 Defined at:
		line 4 in file "alarm_source.c"
 Parameters:    Size  Location     Type
  theSensor       1    wreg     PTR volatile struct leve
		 -> levelSensors(10), 
  theAlarm        1    4[BANK0 ] PTR volatile struct Alar
		 -> theAlarm(3), 
 Auto vars:     Size  Location     Type
  theSensor       1    7[BANK0 ] PTR volatile struct leve
		 -> levelSensors(10), 
 Return value:  Size  Location     Type
		None               void
 Registers used:
		wreg, fsr0l, fsr0h, status,2, status,0, pclath, cstack
 Tracked objects:
		On entry : 
		On exit  : 
		Unchanged: 
 Data sizes:     COMMON   BANK0   BANK1   BANK3   BANK2
      Params:         0       1       0       0       0
      Locals:         0       1       0       0       0
      Temps:          0       2       0       0       0
      Totals:         0       4       0       0       0
Total ram usage:        4 bytes
 Hardware stack levels used:    1
 Hardware stack levels required when called:    4
 This function calls:
		_timer1_stop
		_turnAlarmOn
 This function is called by:
		_main
 This function uses a non-reentrant model


 *************** function _turnAlarmOn *****************
 Defined at:
		line 21 in file "alarm_source.c"
 Parameters:    Size  Location     Type
  theAlarm        1    wreg     PTR volatile struct Alar
		 -> theAlarm(3), 
 Auto vars:     Size  Location     Type
  theAlarm        1    1[BANK0 ] PTR volatile struct Alar
		 -> theAlarm(3), 
 Return value:  Size  Location     Type
		None               void
 Registers used:
		wreg, fsr0l, fsr0h, status,2, status,0, pclath, cstack
 Tracked objects:
		On entry : 
		On exit  : 
		Unchanged: 
 Data sizes:     COMMON   BANK0   BANK1   BANK3   BANK2
      Params:         0       0       0       0       0
      Locals:         0       1       0       0       0
      Temps:          0       1       0       0       0
      Totals:         0       2       0       0       0
Total ram usage:        2 bytes
 Hardware stack levels used:    1
 Hardware stack levels required when called:    3
 This function calls:
		_adc_start
		_timer1_start
 This function is called by:
		_checkAlarmState
 This function uses a non-reentrant model


 *************** function _timer1_start *****************
 Defined at:
		line 139 in file "util.c"
 Parameters:    Size  Location     Type
		None
 Auto vars:     Size  Location     Type
		None
 Return value:  Size  Location     Type
		None               void
 Registers used:
		None
 Tracked objects:
		On entry : 
		On exit  : 
		Unchanged: 
 Data sizes:     COMMON   BANK0   BANK1   BANK3   BANK2
      Params:         0       0       0       0       0
      Locals:         0       0       0       0       0
      Temps:          0       0       0       0       0
      Totals:         0       0       0       0       0
Total ram usage:        0 bytes
 Hardware stack levels used:    1
 Hardware stack levels required when called:    2
 This function calls:
		Nothing
 This function is called by:
		_turnAlarmOn
 This function uses a non-reentrant model


 *************** function _adc_start *****************
 Defined at:
		line 205 in file "util.c"
 Parameters:    Size  Location     Type
		None
 Auto vars:     Size  Location     Type
		None
 Return value:  Size  Location     Type
		None               void
 Registers used:
		None
 Tracked objects:
		On entry : 
		On exit  : 
		Unchanged: 
 Data sizes:     COMMON   BANK0   BANK1   BANK3   BANK2
      Params:         0       0       0       0       0
      Locals:         0       0       0       0       0
      Temps:          0       0       0       0       0
      Totals:         0       0       0       0       0
Total ram usage:        0 bytes
 Hardware stack levels used:    1
 Hardware stack levels required when called:    2
 This function calls:
		Nothing
 This function is called by:
		_turnAlarmOn
 This function uses a non-reentrant model


 *************** function _timer1_stop *****************
 Defined at:
		line 149 in file "util.c"
 Parameters:    Size  Location     Type
		None
 Auto vars:     Size  Location     Type
		None
 Return value:  Size  Location     Type
		None               void
 Registers used:
		None
 Tracked objects:
		On entry : 
		On exit  : 
		Unchanged: 
 Data sizes:     COMMON   BANK0   BANK1   BANK3   BANK2
      Params:         0       0       0       0       0
      Locals:         0       0       0       0       0
      Temps:          0       0       0       0       0
      Totals:         0       0       0       0       0
Total ram usage:        0 bytes
 Hardware stack levels used:    1
 Hardware stack levels required when called:    2
 This function calls:
		Nothing
 This function is called by:
		_checkAlarmState
		_turnAlarmOff
 This function uses a non-reentrant model


 *************** function _blinkLed *****************
 Defined at:
		line 104 in file "util.c"
 Parameters:    Size  Location     Type
  stateOne        1    wreg     PTR enum E1033
		 -> levelSensors(10), 
  stateTwo        1    0[BANK0 ] PTR enum E1033
		 -> levelSensors(10), 
  almState        1    1[BANK0 ] PTR enum E1005
		 -> theAlarm(3), 
  blinkState      1    2[BANK0 ] PTR enum E1026
		 -> blinkState(1), 
 Auto vars:     Size  Location     Type
  stateOne        1    4[BANK0 ] PTR enum E1033
		 -> levelSensors(10), 
 Return value:  Size  Location     Type
		None               void
 Registers used:
		wreg, fsr0l, fsr0h, status,2, status,0
 Tracked objects:
		On entry : 
		On exit  : 
		Unchanged: 
 Data sizes:     COMMON   BANK0   BANK1   BANK3   BANK2
      Params:         0       3       0       0       0
      Locals:         0       1       0       0       0
      Temps:          0       1       0       0       0
      Totals:         0       5       0       0       0
Total ram usage:        5 bytes
 Hardware stack levels used:    1
 Hardware stack levels required when called:    2
 This function calls:
		Nothing
 This function is called by:
		_main
 This function uses a non-reentrant model


 *************** function _adc_init_CH0 *****************
 Defined at:
		line 195 in file "util.c"
 Parameters:    Size  Location     Type
		None
 Auto vars:     Size  Location     Type
		None
 Return value:  Size  Location     Type
		None               void
 Registers used:
		wreg, status,2, status,0
 Tracked objects:
		On entry : 
		On exit  : 
		Unchanged: 
 Data sizes:     COMMON   BANK0   BANK1   BANK3   BANK2
      Params:         0       0       0       0       0
      Locals:         0       0       0       0       0
      Temps:          0       0       0       0       0
      Totals:         0       0       0       0       0
Total ram usage:        0 bytes
 Hardware stack levels used:    1
 Hardware stack levels required when called:    2
 This function calls:
		Nothing
 This function is called by:
		_main
 This function uses a non-reentrant model


 *************** function ___bmul *****************
 Defined at:
		line 4 in file "/opt/microchip/xc8/v1.34/sources/common/Umul8.c"
 Parameters:    Size  Location     Type
  multiplier      1    wreg     unsigned char 
  multiplicand    1    0[BANK0 ] unsigned char 
 Auto vars:     Size  Location     Type
  multiplier      1    3[BANK0 ] unsigned char 
  product         1    2[BANK0 ] unsigned char 
 Return value:  Size  Location     Type
                  1    wreg      unsigned char 
 Registers used:
		wreg, status,2, status,0
 Tracked objects:
		On entry : 
		On exit  : 
		Unchanged: 
 Data sizes:     COMMON   BANK0   BANK1   BANK3   BANK2
      Params:         0       1       0       0       0
      Locals:         0       2       0       0       0
      Temps:          0       1       0       0       0
      Totals:         0       4       0       0       0
Total ram usage:        4 bytes
 Hardware stack levels used:    1
 Hardware stack levels required when called:    2
 This function calls:
		Nothing
 This function is called by:
		_main
 This function uses a non-reentrant model


 *************** function _ISR *****************
 Defined at:
		line 43 in file "main.c"
 Parameters:    Size  Location     Type
		None
 Auto vars:     Size  Location     Type
		None
 Return value:  Size  Location     Type
		None               void
 Registers used:
		wreg, fsr0l, fsr0h, status,2, status,0, pclath, cstack
 Tracked objects:
		On entry : 
		On exit  : 
		Unchanged: 
 Data sizes:     COMMON   BANK0   BANK1   BANK3   BANK2
      Params:         0       0       0       0       0
      Locals:         0       0       0       0       0
      Temps:          7       0       0       0       0
      Totals:         7       0       0       0       0
Total ram usage:        7 bytes
 Hardware stack levels used:    1
 Hardware stack levels required when called:    1
 This function calls:
		___awmod
		i1_timer1_stop
 This function is called by:
		Interrupt level 1
 This function uses a non-reentrant model


 *************** function i1_timer1_stop *****************
 Defined at:
		line 149 in file "util.c"
 Parameters:    Size  Location     Type
		None
 Auto vars:     Size  Location     Type
		None
 Return value:  Size  Location     Type
		None               void
 Registers used:
		None
 Tracked objects:
		On entry : 
		On exit  : 
		Unchanged: 
 Data sizes:     COMMON   BANK0   BANK1   BANK3   BANK2
      Params:         0       0       0       0       0
      Locals:         0       0       0       0       0
      Temps:          0       0       0       0       0
      Totals:         0       0       0       0       0
Total ram usage:        0 bytes
 Hardware stack levels used:    1
 This function calls:
		Nothing
 This function is called by:
		_ISR
 This function uses a non-reentrant model


 *************** function ___awmod *****************
 Defined at:
		line 6 in file "/opt/microchip/xc8/v1.34/sources/common/awmod.c"
 Parameters:    Size  Location     Type
  divisor         2    0[COMMON] int 
  dividend        2    2[COMMON] int 
 Auto vars:     Size  Location     Type
  sign            1    6[COMMON] unsigned char 
  counter         1    5[COMMON] unsigned char 
 Return value:  Size  Location     Type
                  2    0[COMMON] int 
 Registers used:
		wreg, status,2, status,0
 Tracked objects:
		On entry : 
		On exit  : 
		Unchanged: 
 Data sizes:     COMMON   BANK0   BANK1   BANK3   BANK2
      Params:         4       0       0       0       0
      Locals:         2       0       0       0       0
      Temps:          1       0       0       0       0
      Totals:         7       0       0       0       0
Total ram usage:        7 bytes
 Hardware stack levels used:    1
 This function calls:
		Nothing
 This function is called by:
		_ISR
 This function uses a non-reentrant model



MODULE INFORMATION

Module		Function		Class		Link	Load	Size
/opt/microchip/xc8/v1.34/sources/common/awmod.c
		___awmod       		CODE           	02A3	0000	76

/opt/microchip/xc8/v1.34/sources/common/awmod.c estimated size: 76

shared
		__stringtab    		STRING         	03E8	0000	7
		_FILTERTMR_TO_E		STRING         	03EE	0000	3
		_FILTERTMR_TO_F		STRING         	03F0	0000	3
		__initializatio		CODE           	0015	0000	8
		i1_timer1_stop 		CODE           	0431	0000	9

shared estimated size: 30

alarm_source.c
		_turnAlarmOn   		CODE           	0332	0000	64
		_checkAlarmStat		CODE           	0371	0000	43

alarm_source.c estimated size: 107

util.c
		_adc_start     		CODE           	03FC	0000	11
		_timer2_init   		CODE           	040F	0000	10
		_timer2_start  		CODE           	0406	0000	10
		_blinkLed      		CODE           	02EE	0000	69
		_timer0_init   		CODE           	0418	0000	10
		_init_sensor   		CODE           	039B	0000	25
		_timer0_start  		CODE           	043F	0000	5
		_checkSensorSta		CODE           	0020	0000	236
		_timer1_init   		CODE           	0439	0000	7
		_timer1_stop   		CODE           	0429	0000	9
		_timer1_start  		CODE           	03F2	0000	11
		_adc_init_CH0  		CODE           	03DC	0000	13
		_checkTankStatu		CODE           	03B3	0000	23

util.c estimated size: 439

/opt/microchip/xc8/v1.34/sources/common/Umul8.c
		___bmul        		CODE           	03C9	0000	20

/opt/microchip/xc8/v1.34/sources/common/Umul8.c estimated size: 20

main.c
		_ISR           		CODE           	01DD	0000	199
		_main          		CODE           	010B	0000	211

main.c estimated size: 410

