Microchip MPLAB XC8 Compiler V1.34 ()

Linker command line:

--edf=/opt/microchip/xc8/v1.34/dat/en_msgs.txt -cs \
  -h+dist/default/production/990027251-A_Firmware_Level_Alarm.production.sym \
  --cmf=dist/default/production/990027251-A_Firmware_Level_Alarm.production.cmf \
  -z -Q16F876 -o/tmp/cgt17ISQT \
  -Mdist/default/production/990027251-A_Firmware_Level_Alarm.production.map \
  -E1 -ver=XC8 -ASTACK=0110h-016fh -pstack=STACK -ACODE=00h-07FFhx4 \
  -ASTRCODE=00h-01FFFh -ASTRING=00h-0FFhx32 -ACONST=00h-0FFhx32 \
  -AENTRY=00h-0FFhx32 -ACOMMON=070h-07Fh -ABANK0=020h-06Fh \
  -ABANK1=0A0h-0EFh -ABANK2=0110h-016Fh -ABANK3=0190h-01EFh \
  -ARAM=020h-06Fh,0A0h-0EFh,0110h-016Fh,0190h-01EFh \
  -AABS1=020h-07Fh,0A0h-0EFh,0110h-016Fh,0190h-01EFh -ASFR0=00h-01Fh \
  -ASFR1=080h-09Fh -ASFR2=0100h-010Fh -ASFR3=0180h-018Fh \
  -preset_vec=00h,intentry=04h,init,end_init -ppowerup=CODE -pcinit=CODE \
  -pfunctab=CODE -ACONFIG=02007h-02007h -pconfig=CONFIG -DCONFIG=2 \
  -AIDLOC=02000h-02003h -pidloc=IDLOC -DIDLOC=2 -AEEDATA=00h-0FFh/02100h \
  -peeprom_data=EEDATA -DEEDATA=2 -DCODE=2 -DSTRCODE=2 -DSTRING=2 -DCONST=2 \
  -DENTRY=2 -k /tmp/cgtETjQWe.obj \
  dist/default/production/990027251-A_Firmware_Level_Alarm.production.obj 

Object code version is 3.11

Machine type is 16F876



                Name                               Link     Load   Length Selector   Space Scale
/tmp/cgtETjQWe.obj
                end_init                             12       12        3        8       0
                reset_vec                             0        0        3        0       0
                config                             2007     2007        1     400E       0
dist/default/production/990027251-A_Firmware_Level_Alarm.production.obj
                cinit                                15       15       19        8       0
                intentry                              4        4        E        8       0
                text9                               187      187       61        8       0
                text8                               1E8      1E8        C        8       0
                text7                               208      208        A      3FC       0
                text6                               233      233        6      3FC       0
                text5                               1FE      1FE        A      3FC       0
                text4                               224      224        8      3FC       0
                text3                               21B      21B        9      3FC       0
                text2                               212      212        9      3FC       0
                text1                               22C      22C        7      3FC       0
                maintext                             2E       2E      159        8       0
                cstackBANK0                          20       20        C       20       1
                cstackCOMMON                         70       70        6       70       1
                dataBANK0                            32       32        2       20       1
                bssBANK0                             2C       2C        6       20       1
                bssCOMMON                            76       76        5       70       1
                strings                             1F4      1F4        A      3E8       0
                idataBANK0                          239      239        2      3FC       0

TOTAL           Name                               Link     Load   Length     Space
        CLASS   STACK          

        CLASS   CODE           
                end_init                             12       12        3         0
                cinit                                15       15       19         0
                intentry                              4        4        E         0
                reset_vec                             0        0        3         0
                text9                               187      187       61         0
                text8                               1E8      1E8        C         0
                text7                               208      208        A         0
                text6                               233      233        6         0
                text5                               1FE      1FE        A         0
                text4                               224      224        8         0
                text3                               21B      21B        9         0
                text2                               212      212        9         0
                text1                               22C      22C        7         0
                maintext                             2E       2E      159         0
                idataBANK0                          239      239        2         0

        CLASS   STRCODE        

        CLASS   STRING         
                strings                             1F4      1F4        A         0

        CLASS   CONST          

        CLASS   ENTRY          

        CLASS   COMMON         
                cstackCOMMON                         70       70        6         1
                bssCOMMON                            76       76        5         1

        CLASS   BANK0          
                cstackBANK0                          20       20        C         1
                dataBANK0                            32       32        2         1
                bssBANK0                             2C       2C        6         1

        CLASS   BANK1          

        CLASS   BANK2          

        CLASS   BANK3          

        CLASS   RAM            

        CLASS   ABS1           
                abs_s1                               7E       7E        2         1

        CLASS   SFR0           

        CLASS   SFR1           

        CLASS   SFR2           

        CLASS   SFR3           

        CLASS   CONFIG         
                config                             2007     2007        1         0

        CLASS   IDLOC          

        CLASS   EEDATA         



SEGMENTS        Name                           Load    Length   Top    Selector   Space  Class     Delta

                reset_vec                      000000  000003  000003         0       0  CODE        2
                intentry                       000004  0001F0  0001F4         8       0  CODE        2
                cstackBANK0                    000020  000014  000034        20       1  BANK0       1
                cstackCOMMON                   000070  00000B  00007B        70       1  COMMON      1
                strings                        0001F4  00000A  0001FE       3E8       0  STRING      2
                text5                          0001FE  00003D  00023B       3FC       0  CODE        2
                config                         002007  000001  002008      400E       0  CONFIG      2


UNUSED ADDRESS RANGES

        Name                Unused          Largest block    Delta
        BANK0            0034-006F             3C           1
        BANK1            00A0-00EF             50           1
        BANK2            0110-016F             60           1
        BANK3            0190-01EF             60           1
        CODE             0003-0003              1           2
                         023B-1FFF            800
        COMMON           007B-007D              3           1
        CONST            0003-0003              1           2
                         023B-1FFF            100
        EEDATA           2100-21FF            100           2
        ENTRY            0003-0003              1           2
                         023B-1FFF            100
        IDLOC            2000-2003              4           2
        RAM              0034-006F             3C           1
                         00A0-00EF             50
                         0110-016F             60
                         0190-01EF             60
        SFR0             0000-001F             20           1
        SFR1             0080-009F             20           1
        SFR2             0100-010F             10           1
        SFR3             0180-018F             10           1
        STACK            0110-016F             60           1
        STRCODE          0003-0003              1           2
                         023B-1FFF           1DC5
        STRING           0003-0003              1           2
                         023B-1FFF            100

                                  Symbol Table

_ADCON0bits                (abs)        001F
_ADCON1bits                (abs)        009F
_ADIE                      (abs)        0466
_ADIF                      (abs)        0066
_ADRESH                    (abs)        001E
_ADRESL                    (abs)        009E
_ALARMTMR                  dataBANK0    0032
_FILTERTMR_ISEMPTY         strings      01FA
_FILTERTMR_ISFULL          strings      01FC
_INTCONbits                (abs)        000B
_ISR                       text9        0187
_OPTION_REGbits            (abs)        0081
_PIE1bits                  (abs)        008C
_PORTA                     (abs)        0005
_PORTB                     (abs)        0006
_PORTC                     (abs)        0007
_T1CONbits                 (abs)        0010
_T2CONbits                 (abs)        0012
_TMR1IE                    (abs)        0460
_TMR1IF                    (abs)        0060
_TMR2IE                    (abs)        0461
_TMR2IF                    (abs)        0061
_TRISB                     (abs)        0086
_TRISC                     (abs)        0087
__CFG_BOREN$ON             (abs)        0000
__CFG_CP$OFF               (abs)        0000
__CFG_CPD$OFF              (abs)        0000
__CFG_FOSC$HS              (abs)        0000
__CFG_LVP$OFF              (abs)        0000
__CFG_PWRTE$OFF            (abs)        0000
__CFG_WDTE$OFF             (abs)        0000
__CFG_WRT$ON               (abs)        0000
__Habs1                    abs1         0000
__Hbank0                   bank0        0000
__Hbank1                   bank1        0000
__Hbank2                   bank2        0000
__Hbank3                   bank3        0000
__HbssBANK0                bssBANK0     0000
__HbssCOMMON               bssCOMMON    0000
__Hcinit                   cinit        002E
__Hclrtext                 clrtext      0000
__Hcode                    code         0000
__Hcommon                  common       0000
__Hconfig                  config       2008
__HcstackBANK0             cstackBANK0  0000
__HcstackCOMMON            cstackCOMMON 0000
__HdataBANK0               dataBANK0    0000
__Heeprom_data             eeprom_data  0000
__Hend_init                end_init     0015
__Hfunctab                 functab      0000
__HidataBANK0              idataBANK0   0000
__Hidloc                   idloc        0000
__Hinit                    init         0012
__Hintentry                intentry     0012
__Hmaintext                maintext     0000
__Hpowerup                 powerup      0000
__Hram                     ram          0000
__Hreset_vec               reset_vec    0003
__Hsfr0                    sfr0         0000
__Hsfr1                    sfr1         0000
__Hsfr2                    sfr2         0000
__Hsfr3                    sfr3         0000
__Hspace_0                 (abs)        2008
__Hspace_1                 (abs)        007B
__Hspace_2                 (abs)        0000
__Hspace_3                 (abs)        0000
__Hstack                   stack        0000
__Hstrings                 strings      0000
__Htext                    text         0000
__Labs1                    abs1         0000
__Lbank0                   bank0        0000
__Lbank1                   bank1        0000
__Lbank2                   bank2        0000
__Lbank3                   bank3        0000
__LbssBANK0                bssBANK0     0000
__LbssCOMMON               bssCOMMON    0000
__Lcinit                   cinit        0015
__Lclrtext                 clrtext      0000
__Lcode                    code         0000
__Lcommon                  common       0000
__Lconfig                  config       2007
__LcstackBANK0             cstackBANK0  0000
__LcstackCOMMON            cstackCOMMON 0000
__LdataBANK0               dataBANK0    0000
__Leeprom_data             eeprom_data  0000
__Lend_init                end_init     0012
__Lfunctab                 functab      0000
__LidataBANK0              idataBANK0   0000
__Lidloc                   idloc        0000
__Linit                    init         0012
__Lintentry                intentry     0004
__Lmaintext                maintext     0000
__Lpowerup                 powerup      0000
__Lram                     ram          0000
__Lreset_vec               reset_vec    0000
__Lsfr0                    sfr0         0000
__Lsfr1                    sfr1         0000
__Lsfr2                    sfr2         0000
__Lsfr3                    sfr3         0000
__Lspace_0                 (abs)        0000
__Lspace_1                 (abs)        0000
__Lspace_2                 (abs)        0000
__Lspace_3                 (abs)        0000
__Lstack                   stack        0000
__Lstrings                 strings      0000
__Ltext                    text         0000
__S0                       (abs)        2008
__S1                       (abs)        007B
__S2                       (abs)        0000
__S3                       (abs)        0000
___int_sp                  stack        0000
___latbits                 (abs)        0002
___sp                      stack        0000
__end_of_FILTERTMR_ISEMPTY strings      01FC
__end_of_FILTERTMR_ISFULL  strings      01FE
__end_of_ISR               text9        01E8
__end_of__initialization   cinit        002A
__end_of__stringtab        strings      01FA
__end_of_adc_init_CH0      text8        01F4
__end_of_adc_start         text7        0212
__end_of_main              maintext     0187
__end_of_timer1_init       text6        0239
__end_of_timer1_start      text5        0208
__end_of_timer1_stop       text4        022C
__end_of_timer2_init       text3        0224
__end_of_timer2_start      text2        021B
__end_of_timer2_stop       text1        0233
__initialization           cinit        0015
__pbssBANK0                bssBANK0     002C
__pbssCOMMON               bssCOMMON    0076
__pcstackBANK0             cstackBANK0  0020
__pcstackCOMMON            cstackCOMMON 0070
__pdataBANK0               dataBANK0    0032
__pidataBANK0              idataBANK0   0239
__pintentry                intentry     0004
__pmaintext                maintext     002E
__pstrings                 strings      01F4
__ptext1                   text1        022C
__ptext2                   text2        0212
__ptext3                   text3        021B
__ptext4                   text4        0224
__ptext5                   text5        01FE
__ptext6                   text6        0233
__ptext7                   text7        0208
__ptext8                   text8        01E8
__ptext9                   text9        0187
__size_of_ISR              (abs)        0000
__size_of_adc_init_CH0     (abs)        0000
__size_of_adc_start        (abs)        0000
__size_of_main             (abs)        0000
__size_of_timer1_init      (abs)        0000
__size_of_timer1_start     (abs)        0000
__size_of_timer1_stop      (abs)        0000
__size_of_timer2_init      (abs)        0000
__size_of_timer2_start     (abs)        0000
__size_of_timer2_stop      (abs)        0000
__stringbase               strings      01F9
__stringtab                strings      01F4
_adcResult                 bssCOMMON    0076
_adc_init_CH0              text8        01E8
_adc_start                 text7        0208
_alarmState                bssBANK0     0030
_counter0                  bssCOMMON    0078
_counter1                  bssBANK0     002C
_counter2                  bssBANK0     002E
_lvlOneState               bssCOMMON    007A
_lvlTwoState               bssBANK0     0031
_main                      maintext     002E
_timer1_init               text6        0233
_timer1_start              text5        01FE
_timer1_stop               text4        0224
_timer2_init               text3        021B
_timer2_start              text2        0212
_timer2_stop               text1        022C
btemp                      (abs)        007E
end_of_initialization      cinit        002A
interrupt_function         intentry     0004
intlevel0                  functab      0000
intlevel1                  functab      0000
intlevel2                  functab      0000
intlevel3                  functab      0000
intlevel4                  functab      0000
intlevel5                  functab      0000
ltemp                      (abs)        007E
ltemp0                     (abs)        007E
ltemp1                     (abs)        0082
ltemp2                     (abs)        0086
ltemp3                     (abs)        0080
main@i                     cstackBANK0  0029
main@lvlOneRead            cstackBANK0  0027
main@lvlTwoRead            cstackBANK0  002B
main@sensorRead            cstackBANK0  0028
reset_vec                  reset_vec    0000
saved_w                    (abs)        007E
stackhi                    (abs)        0000
stacklo                    (abs)        0000
start                      init         0012
start_initialization       cinit        0015
ttemp                      (abs)        007E
ttemp0                     (abs)        007E
ttemp1                     (abs)        0081
ttemp2                     (abs)        0084
ttemp3                     (abs)        0087
ttemp4                     (abs)        007F
wtemp                      (abs)        007E
wtemp0                     (abs)        007E
wtemp1                     (abs)        0080
wtemp2                     (abs)        0082
wtemp3                     (abs)        0084
wtemp4                     (abs)        0086
wtemp5                     (abs)        0088
wtemp6                     (abs)        007F


FUNCTION INFORMATION:

 *************** function _main *****************
 Defined at:
		line 119 in file "main.c"
 Parameters:    Size  Location     Type
  argc            2    0[BANK0 ] int 
  argv            2    2[BANK0 ] PTR PTR unsigned char 
 Auto vars:     Size  Location     Type
  i               2    9[BANK0 ] int 
  lvlTwoRead      1   11[BANK0 ] unsigned char 
  sensorRead      1    8[BANK0 ] unsigned char 
  lvlOneRead      1    7[BANK0 ] unsigned char 
 Return value:  Size  Location     Type
                  2    0[BANK0 ] int 
 Registers used:
		wreg, fsr0l, fsr0h, status,2, status,0, btemp+1, pclath, cstack
 Tracked objects:
		On entry : 
		On exit  : 
		Unchanged: 
 Data sizes:     COMMON   BANK0   BANK1   BANK3   BANK2
      Params:         0       4       0       0       0
      Locals:         0       5       0       0       0
      Temps:          0       3       0       0       0
      Totals:         0      12       0       0       0
Total ram usage:       12 bytes
 Hardware stack levels required when called:    2
 This function calls:
		_adc_init_CH0
		_adc_start
		_timer1_init
		_timer1_start
		_timer1_stop
		_timer2_init
		_timer2_start
		_timer2_stop
 This function is called by:
		Startup code after reset
 This function uses a non-reentrant model


 *************** function _timer2_stop *****************
 Defined at:
		line 48 in file "util.c"
 Parameters:    Size  Location     Type
		None
 Auto vars:     Size  Location     Type
		None
 Return value:  Size  Location     Type
		None               void
 Registers used:
		None
 Tracked objects:
		On entry : 
		On exit  : 
		Unchanged: 
 Data sizes:     COMMON   BANK0   BANK1   BANK3   BANK2
      Params:         0       0       0       0       0
      Locals:         0       0       0       0       0
      Temps:          0       0       0       0       0
      Totals:         0       0       0       0       0
Total ram usage:        0 bytes
 Hardware stack levels used:    1
 Hardware stack levels required when called:    1
 This function calls:
		Nothing
 This function is called by:
		_main
 This function uses a non-reentrant model


 *************** function _timer2_start *****************
 Defined at:
		line 41 in file "util.c"
 Parameters:    Size  Location     Type
		None
 Auto vars:     Size  Location     Type
		None
 Return value:  Size  Location     Type
		None               void
 Registers used:
		None
 Tracked objects:
		On entry : 
		On exit  : 
		Unchanged: 
 Data sizes:     COMMON   BANK0   BANK1   BANK3   BANK2
      Params:         0       0       0       0       0
      Locals:         0       0       0       0       0
      Temps:          0       0       0       0       0
      Totals:         0       0       0       0       0
Total ram usage:        0 bytes
 Hardware stack levels used:    1
 Hardware stack levels required when called:    1
 This function calls:
		Nothing
 This function is called by:
		_main
 This function uses a non-reentrant model


 *************** function _timer2_init *****************
 Defined at:
		line 36 in file "util.c"
 Parameters:    Size  Location     Type
		None
 Auto vars:     Size  Location     Type
		None
 Return value:  Size  Location     Type
		None               void
 Registers used:
		wreg, status,2, status,0
 Tracked objects:
		On entry : 
		On exit  : 
		Unchanged: 
 Data sizes:     COMMON   BANK0   BANK1   BANK3   BANK2
      Params:         0       0       0       0       0
      Locals:         0       0       0       0       0
      Temps:          0       0       0       0       0
      Totals:         0       0       0       0       0
Total ram usage:        0 bytes
 Hardware stack levels used:    1
 Hardware stack levels required when called:    1
 This function calls:
		Nothing
 This function is called by:
		_main
 This function uses a non-reentrant model


 *************** function _timer1_stop *****************
 Defined at:
		line 28 in file "util.c"
 Parameters:    Size  Location     Type
		None
 Auto vars:     Size  Location     Type
		None
 Return value:  Size  Location     Type
		None               void
 Registers used:
		None
 Tracked objects:
		On entry : 
		On exit  : 
		Unchanged: 
 Data sizes:     COMMON   BANK0   BANK1   BANK3   BANK2
      Params:         0       0       0       0       0
      Locals:         0       0       0       0       0
      Temps:          0       0       0       0       0
      Totals:         0       0       0       0       0
Total ram usage:        0 bytes
 Hardware stack levels used:    1
 Hardware stack levels required when called:    1
 This function calls:
		Nothing
 This function is called by:
		_main
 This function uses a non-reentrant model


 *************** function _timer1_start *****************
 Defined at:
		line 18 in file "util.c"
 Parameters:    Size  Location     Type
		None
 Auto vars:     Size  Location     Type
		None
 Return value:  Size  Location     Type
		None               void
 Registers used:
		None
 Tracked objects:
		On entry : 
		On exit  : 
		Unchanged: 
 Data sizes:     COMMON   BANK0   BANK1   BANK3   BANK2
      Params:         0       0       0       0       0
      Locals:         0       0       0       0       0
      Temps:          0       0       0       0       0
      Totals:         0       0       0       0       0
Total ram usage:        0 bytes
 Hardware stack levels used:    1
 Hardware stack levels required when called:    1
 This function calls:
		Nothing
 This function is called by:
		_main
 This function uses a non-reentrant model


 *************** function _timer1_init *****************
 Defined at:
		line 7 in file "util.c"
 Parameters:    Size  Location     Type
		None
 Auto vars:     Size  Location     Type
		None
 Return value:  Size  Location     Type
		None               void
 Registers used:
		wreg, status,2, status,0
 Tracked objects:
		On entry : 
		On exit  : 
		Unchanged: 
 Data sizes:     COMMON   BANK0   BANK1   BANK3   BANK2
      Params:         0       0       0       0       0
      Locals:         0       0       0       0       0
      Temps:          0       0       0       0       0
      Totals:         0       0       0       0       0
Total ram usage:        0 bytes
 Hardware stack levels used:    1
 Hardware stack levels required when called:    1
 This function calls:
		Nothing
 This function is called by:
		_main
 This function uses a non-reentrant model


 *************** function _adc_start *****************
 Defined at:
		line 84 in file "util.c"
 Parameters:    Size  Location     Type
		None
 Auto vars:     Size  Location     Type
		None
 Return value:  Size  Location     Type
		None               void
 Registers used:
		None
 Tracked objects:
		On entry : 
		On exit  : 
		Unchanged: 
 Data sizes:     COMMON   BANK0   BANK1   BANK3   BANK2
      Params:         0       0       0       0       0
      Locals:         0       0       0       0       0
      Temps:          0       0       0       0       0
      Totals:         0       0       0       0       0
Total ram usage:        0 bytes
 Hardware stack levels used:    1
 Hardware stack levels required when called:    1
 This function calls:
		Nothing
 This function is called by:
		_main
 This function uses a non-reentrant model


 *************** function _adc_init_CH0 *****************
 Defined at:
		line 74 in file "util.c"
 Parameters:    Size  Location     Type
		None
 Auto vars:     Size  Location     Type
		None
 Return value:  Size  Location     Type
		None               void
 Registers used:
		wreg, status,2, status,0
 Tracked objects:
		On entry : 
		On exit  : 
		Unchanged: 
 Data sizes:     COMMON   BANK0   BANK1   BANK3   BANK2
      Params:         0       0       0       0       0
      Locals:         0       0       0       0       0
      Temps:          0       0       0       0       0
      Totals:         0       0       0       0       0
Total ram usage:        0 bytes
 Hardware stack levels used:    1
 Hardware stack levels required when called:    1
 This function calls:
		Nothing
 This function is called by:
		_main
 This function uses a non-reentrant model


 *************** function _ISR *****************
 Defined at:
		line 77 in file "main.c"
 Parameters:    Size  Location     Type
		None
 Auto vars:     Size  Location     Type
		None
 Return value:  Size  Location     Type
		None               void
 Registers used:
		wreg, status,2, status,0
 Tracked objects:
		On entry : 
		On exit  : 
		Unchanged: 
 Data sizes:     COMMON   BANK0   BANK1   BANK3   BANK2
      Params:         0       0       0       0       0
      Locals:         0       0       0       0       0
      Temps:          6       0       0       0       0
      Totals:         6       0       0       0       0
Total ram usage:        6 bytes
 Hardware stack levels used:    1
 This function calls:
		Nothing
 This function is called by:
		Interrupt level 1
 This function uses a non-reentrant model



MODULE INFORMATION

Module		Function		Class		Link	Load	Size
shared
		__stringtab    		STRING         	01F4	0000	7
		__initializatio		CODE           	0015	0000	22
		_FILTERTMR_ISEM		STRING         	01FA	0000	3
		_FILTERTMR_ISFU		STRING         	01FC	0000	3

shared estimated size: 35

util.c
		_adc_start     		CODE           	0208	0000	11
		_timer2_init   		CODE           	021B	0000	10
		_timer2_stop   		CODE           	022C	0000	8
		_timer2_start  		CODE           	0212	0000	10
		_timer1_init   		CODE           	0233	0000	7
		_timer1_stop   		CODE           	0224	0000	9
		_timer1_start  		CODE           	01FE	0000	11
		_adc_init_CH0  		CODE           	01E8	0000	13

util.c estimated size: 79

main.c
		_ISR           		CODE           	0187	0000	98
		_main          		CODE           	002E	0000	346

main.c estimated size: 444

