Microchip MPLAB XC8 Compiler V1.34 ()

Linker command line:

--edf=/opt/microchip/xc8/v1.34/dat/en_msgs.txt -cs \
  -h+dist/default/production/990027251-A_Firmware_Level_Alarm.production.sym \
  --cmf=dist/default/production/990027251-A_Firmware_Level_Alarm.production.cmf \
  -z -Q16F876 -o/tmp/cgt3pYPfl \
  -Mdist/default/production/990027251-A_Firmware_Level_Alarm.production.map \
  -E1 -ver=XC8 -ASTACK=0110h-016fh -pstack=STACK -ACODE=00h-07FFhx4 \
  -ASTRCODE=00h-01FFFh -ASTRING=00h-0FFhx32 -ACONST=00h-0FFhx32 \
  -AENTRY=00h-0FFhx32 -ACOMMON=070h-07Fh -ABANK0=020h-06Fh \
  -ABANK1=0A0h-0EFh -ABANK2=0110h-016Fh -ABANK3=0190h-01EFh \
  -ARAM=020h-06Fh,0A0h-0EFh,0110h-016Fh,0190h-01EFh \
  -AABS1=020h-07Fh,0A0h-0EFh,0110h-016Fh,0190h-01EFh -ASFR0=00h-01Fh \
  -ASFR1=080h-09Fh -ASFR2=0100h-010Fh -ASFR3=0180h-018Fh \
  -preset_vec=00h,intentry=04h,init,end_init -ppowerup=CODE -pcinit=CODE \
  -pfunctab=CODE -ACONFIG=02007h-02007h -pconfig=CONFIG -DCONFIG=2 \
  -AIDLOC=02000h-02003h -pidloc=IDLOC -DIDLOC=2 -AEEDATA=00h-0FFh/02100h \
  -peeprom_data=EEDATA -DEEDATA=2 -DCODE=2 -DSTRCODE=2 -DSTRING=2 -DCONST=2 \
  -DENTRY=2 -k /tmp/cgtvAqGpv.obj \
  dist/default/production/990027251-A_Firmware_Level_Alarm.production.obj 

Object code version is 3.11

Machine type is 16F876



                Name                               Link     Load   Length Selector   Space Scale
/tmp/cgtvAqGpv.obj
                end_init                             12       12        3        8       0
                reset_vec                             0        0        3        0       0
                config                             2007     2007        1     400E       0
dist/default/production/990027251-A_Firmware_Level_Alarm.production.obj
                cinit                                15       15       24        8       0
                intentry                              4        4        E        8       0
                text12                              2BF      2BF       4B        8       0
                text11                              21B      21B       A4        8       0
                text10                              33F      33F        C        8       0
                text9                               35F      35F        A      6AA       0
                text8                               30A      30A       35        8       0
                text7                               37B      37B        9      6AA       0
                text6                               39E      39E        4      6AA       0
                text5                               394      394        6      6AA       0
                text4                               355      355        A      6AA       0
                text3                               38C      38C        8      6AA       0
                text2                               372      372        9      6AA       0
                text1                               369      369        9      6AA       0
                maintext                             39       39      1E2        8       0
                cstackBANK0                          20       20       13       20       1
                cstackCOMMON                         70       70        D       70       1
                clrtext                             384      384        8      6AA       0
                dataBANK0                            44       44        4       20       1
                bssBANK0                             33       33       11       20       1
                bssCOMMON                            7D       7D        1       70       1
                strings                             34B      34B        A      696       0
                idataBANK0                          39A      39A        4      6AA       0

TOTAL           Name                               Link     Load   Length     Space
        CLASS   STACK          

        CLASS   CODE           
                end_init                             12       12        3         0
                cinit                                15       15       24         0
                intentry                              4        4        E         0
                reset_vec                             0        0        3         0
                text12                              2BF      2BF       4B         0
                text11                              21B      21B       A4         0
                text10                              33F      33F        C         0
                text9                               35F      35F        A         0
                text8                               30A      30A       35         0
                text7                               37B      37B        9         0
                text6                               39E      39E        4         0
                text5                               394      394        6         0
                text4                               355      355        A         0
                text3                               38C      38C        8         0
                text2                               372      372        9         0
                text1                               369      369        9         0
                maintext                             39       39      1E2         0
                clrtext                             384      384        8         0
                idataBANK0                          39A      39A        4         0

        CLASS   STRCODE        

        CLASS   STRING         
                strings                             34B      34B        A         0

        CLASS   CONST          

        CLASS   ENTRY          

        CLASS   COMMON         
                cstackCOMMON                         70       70        D         1
                bssCOMMON                            7D       7D        1         1

        CLASS   BANK0          
                cstackBANK0                          20       20       13         1
                dataBANK0                            44       44        4         1
                bssBANK0                             33       33       11         1

        CLASS   BANK1          

        CLASS   BANK2          

        CLASS   BANK3          

        CLASS   RAM            

        CLASS   ABS1           
                abs_s1                               7E       7E        2         1

        CLASS   SFR0           

        CLASS   SFR1           

        CLASS   SFR2           

        CLASS   SFR3           

        CLASS   CONFIG         
                config                             2007     2007        1         0

        CLASS   IDLOC          

        CLASS   EEDATA         



SEGMENTS        Name                           Load    Length   Top    Selector   Space  Class     Delta

                reset_vec                      000000  000003  000003         0       0  CODE        2
                intentry                       000004  000347  00034B         8       0  CODE        2
                cstackBANK0                    000020  000028  000048        20       1  BANK0       1
                cstackCOMMON                   000070  00000E  00007E        70       1  COMMON      1
                strings                        00034B  00000A  000355       696       0  STRING      2
                text4                          000355  00004D  0003A2       6AA       0  CODE        2
                config                         002007  000001  002008      400E       0  CONFIG      2


UNUSED ADDRESS RANGES

        Name                Unused          Largest block    Delta
        BANK0            0048-006F             28           1
        BANK1            00A0-00EF             50           1
        BANK2            0110-016F             60           1
        BANK3            0190-01EF             60           1
        CODE             0003-0003              1           2
                         03A2-1FFF            800
        CONST            0003-0003              1           2
                         03A2-1FFF            100
        EEDATA           2100-21FF            100           2
        ENTRY            0003-0003              1           2
                         03A2-1FFF            100
        IDLOC            2000-2003              4           2
        RAM              0048-006F             28           1
                         00A0-00EF             50
                         0110-016F             60
                         0190-01EF             60
        SFR0             0000-001F             20           1
        SFR1             0080-009F             20           1
        SFR2             0100-010F             10           1
        SFR3             0180-018F             10           1
        STACK            0110-016F             60           1
        STRCODE          0003-0003              1           2
                         03A2-1FFF           1C5E
        STRING           0003-0003              1           2
                         03A2-1FFF            100

                                  Symbol Table

?___awmod                  cstackCOMMON 0070
_ADCON0bits                (abs)        001F
_ADCON1bits                (abs)        009F
_ADIE                      (abs)        0466
_ADIF                      (abs)        0066
_ADRESH                    (abs)        001E
_ADRESL                    (abs)        009E
_FILTERTMR_ISEMPTY         strings      0351
_FILTERTMR_ISFULL          strings      0353
_INTCONbits                (abs)        000B
_ISR                       text11       021B
_OPTION_REGbits            (abs)        0081
_PIE1bits                  (abs)        008C
_PORTB                     (abs)        0006
_PORTC                     (abs)        0007
_T1CONbits                 (abs)        0010
_T2CONbits                 (abs)        0012
_TMR0IE                    (abs)        005D
_TMR0IF                    (abs)        005A
_TMR1IE                    (abs)        0460
_TMR1IF                    (abs)        0060
_TMR2IE                    (abs)        0461
_TMR2IF                    (abs)        0061
_TRISA                     (abs)        0085
_TRISB                     (abs)        0086
_TRISC                     (abs)        0087
__CFG_BOREN$ON             (abs)        0000
__CFG_CP$OFF               (abs)        0000
__CFG_CPD$OFF              (abs)        0000
__CFG_FOSC$HS              (abs)        0000
__CFG_LVP$OFF              (abs)        0000
__CFG_PWRTE$OFF            (abs)        0000
__CFG_WDTE$OFF             (abs)        0000
__CFG_WRT$ON               (abs)        0000
__Habs1                    abs1         0000
__Hbank0                   bank0        0000
__Hbank1                   bank1        0000
__Hbank2                   bank2        0000
__Hbank3                   bank3        0000
__HbssBANK0                bssBANK0     0000
__HbssCOMMON               bssCOMMON    0000
__Hcinit                   cinit        0039
__Hclrtext                 clrtext      0000
__Hcode                    code         0000
__Hcommon                  common       0000
__Hconfig                  config       2008
__HcstackBANK0             cstackBANK0  0000
__HcstackCOMMON            cstackCOMMON 0000
__HdataBANK0               dataBANK0    0000
__Heeprom_data             eeprom_data  0000
__Hend_init                end_init     0015
__Hfunctab                 functab      0000
__HidataBANK0              idataBANK0   0000
__Hidloc                   idloc        0000
__Hinit                    init         0012
__Hintentry                intentry     0012
__Hmaintext                maintext     0000
__Hpowerup                 powerup      0000
__Hram                     ram          0000
__Hreset_vec               reset_vec    0003
__Hsfr0                    sfr0         0000
__Hsfr1                    sfr1         0000
__Hsfr2                    sfr2         0000
__Hsfr3                    sfr3         0000
__Hspace_0                 (abs)        2008
__Hspace_1                 (abs)        007E
__Hspace_2                 (abs)        0000
__Hspace_3                 (abs)        0000
__Hstack                   stack        0000
__Hstrings                 strings      0000
__Htext                    text         0000
__Labs1                    abs1         0000
__Lbank0                   bank0        0000
__Lbank1                   bank1        0000
__Lbank2                   bank2        0000
__Lbank3                   bank3        0000
__LbssBANK0                bssBANK0     0000
__LbssCOMMON               bssCOMMON    0000
__Lcinit                   cinit        0015
__Lclrtext                 clrtext      0000
__Lcode                    code         0000
__Lcommon                  common       0000
__Lconfig                  config       2007
__LcstackBANK0             cstackBANK0  0000
__LcstackCOMMON            cstackCOMMON 0000
__LdataBANK0               dataBANK0    0000
__Leeprom_data             eeprom_data  0000
__Lend_init                end_init     0012
__Lfunctab                 functab      0000
__LidataBANK0              idataBANK0   0000
__Lidloc                   idloc        0000
__Linit                    init         0012
__Lintentry                intentry     0004
__Lmaintext                maintext     0000
__Lpowerup                 powerup      0000
__Lram                     ram          0000
__Lreset_vec               reset_vec    0000
__Lsfr0                    sfr0         0000
__Lsfr1                    sfr1         0000
__Lsfr2                    sfr2         0000
__Lsfr3                    sfr3         0000
__Lspace_0                 (abs)        0000
__Lspace_1                 (abs)        0000
__Lspace_2                 (abs)        0000
__Lspace_3                 (abs)        0000
__Lstack                   stack        0000
__Lstrings                 strings      0000
__Ltext                    text         0000
__S0                       (abs)        2008
__S1                       (abs)        007E
__S2                       (abs)        0000
__S3                       (abs)        0000
___awmod                   text12       02BF
___awmod@counter           cstackCOMMON 0075
___awmod@dividend          cstackCOMMON 0072
___awmod@divisor           cstackCOMMON 0070
___awmod@sign              cstackCOMMON 0076
___int_sp                  stack        0000
___latbits                 (abs)        0002
___sp                      stack        0000
__end_of_FILTERTMR_ISEMPTY strings      0353
__end_of_FILTERTMR_ISFULL  strings      0355
__end_of_ISR               text11       02BF
__end_of___awmod           text12       030A
__end_of__initialization   cinit        0035
__end_of__stringtab        strings      0351
__end_of_adc_init_CH0      text10       034B
__end_of_adc_start         text9        0369
__end_of_blinkLed          text8        033F
__end_of_main              maintext     021B
__end_of_timer0_init       text7        0384
__end_of_timer0_start      text6        03A2
__end_of_timer1_init       text5        039A
__end_of_timer1_start      text4        035F
__end_of_timer1_stop       text3        0394
__end_of_timer2_init       text2        037B
__end_of_timer2_start      text1        0372
__initialization           cinit        0015
__pbssBANK0                bssBANK0     0033
__pbssCOMMON               bssCOMMON    007D
__pcstackBANK0             cstackBANK0  0020
__pcstackCOMMON            cstackCOMMON 0070
__pdataBANK0               dataBANK0    0044
__pidataBANK0              idataBANK0   039A
__pintentry                intentry     0004
__pmaintext                maintext     0039
__pstrings                 strings      034B
__ptext1                   text1        0369
__ptext10                  text10       033F
__ptext11                  text11       021B
__ptext12                  text12       02BF
__ptext2                   text2        0372
__ptext3                   text3        038C
__ptext4                   text4        0355
__ptext5                   text5        0394
__ptext6                   text6        039E
__ptext7                   text7        037B
__ptext8                   text8        030A
__ptext9                   text9        035F
__size_of_ISR              (abs)        0000
__size_of___awmod          (abs)        0000
__size_of_adc_init_CH0     (abs)        0000
__size_of_adc_start        (abs)        0000
__size_of_blinkLed         (abs)        0000
__size_of_main             (abs)        0000
__size_of_timer0_init      (abs)        0000
__size_of_timer0_start     (abs)        0000
__size_of_timer1_init      (abs)        0000
__size_of_timer1_start     (abs)        0000
__size_of_timer1_stop      (abs)        0000
__size_of_timer2_init      (abs)        0000
__size_of_timer2_start     (abs)        0000
__stringbase               strings      0350
__stringtab                strings      034B
_adcResult                 dataBANK0    0044
_adc_init_CH0              text10       033F
_adc_start                 text9        035F
_alarmState                bssCOMMON    007D
_alarmTimer                dataBANK0    0046
_almCounter                bssBANK0     003B
_blinkCounter              bssBANK0     003D
_blinkLed                  text8        030A
_blinkState                bssBANK0     0043
_counter1                  bssBANK0     003F
_counter2                  bssBANK0     0041
_levelSensor               bssBANK0     0033
_main                      maintext     0039
_timer0_init               text7        037B
_timer0_start              text6        039E
_timer1_init               text5        0394
_timer1_start              text4        0355
_timer1_stop               text3        038C
_timer2_init               text2        0372
_timer2_start              text1        0369
blinkLed@almState          cstackBANK0  0021
blinkLed@blinkState        cstackBANK0  0022
blinkLed@stateOne          cstackBANK0  0024
blinkLed@stateTwo          cstackBANK0  0020
btemp                      (abs)        007E
clear_ram0                 clrtext      0384
end_of_initialization      cinit        0035
interrupt_function         intentry     0004
intlevel0                  functab      0000
intlevel1                  functab      0000
intlevel2                  functab      0000
intlevel3                  functab      0000
intlevel4                  functab      0000
intlevel5                  functab      0000
ltemp                      (abs)        007E
ltemp0                     (abs)        007E
ltemp1                     (abs)        0082
ltemp2                     (abs)        0086
ltemp3                     (abs)        0080
main@i                     cstackBANK0  0028
main@levelSensor           cstackBANK0  002B
main@sensorRead            cstackBANK0  002A
reset_vec                  reset_vec    0000
saved_w                    (abs)        007E
stackhi                    (abs)        0000
stacklo                    (abs)        0000
start                      init         0012
start_initialization       cinit        0015
ttemp                      (abs)        007E
ttemp0                     (abs)        007E
ttemp1                     (abs)        0081
ttemp2                     (abs)        0084
ttemp3                     (abs)        0087
ttemp4                     (abs)        007F
wtemp                      (abs)        007E
wtemp0                     (abs)        007E
wtemp1                     (abs)        0080
wtemp2                     (abs)        0082
wtemp3                     (abs)        0084
wtemp4                     (abs)        0086
wtemp5                     (abs)        0088
wtemp6                     (abs)        007F


FUNCTION INFORMATION:

 *************** function _main *****************
 Defined at:
		line 122 in file "main.c"
 Parameters:    Size  Location     Type
		None
 Auto vars:     Size  Location     Type
  i               2    8[BANK0 ] int 
  levelSensor     8   11[BANK0 ] volatile struct .[2]
  sensorRead      1   10[BANK0 ] unsigned char 
 Return value:  Size  Location     Type
                  2   95[None  ] int 
 Registers used:
		wreg, fsr0l, fsr0h, status,2, status,0, btemp+1, pclath, cstack
 Tracked objects:
		On entry : 
		On exit  : 
		Unchanged: 
 Data sizes:     COMMON   BANK0   BANK1   BANK3   BANK2
      Params:         0       0       0       0       0
      Locals:         0      11       0       0       0
      Temps:          0       3       0       0       0
      Totals:         0      14       0       0       0
Total ram usage:       14 bytes
 Hardware stack levels required when called:    3
 This function calls:
		_adc_init_CH0
		_adc_start
		_blinkLed
		_timer0_init
		_timer0_start
		_timer1_init
		_timer1_start
		_timer1_stop
		_timer2_init
		_timer2_start
 This function is called by:
		Startup code after reset
 This function uses a non-reentrant model


 *************** function _timer2_start *****************
 Defined at:
		line 43 in file "util.c"
 Parameters:    Size  Location     Type
		None
 Auto vars:     Size  Location     Type
		None
 Return value:  Size  Location     Type
		None               void
 Registers used:
		None
 Tracked objects:
		On entry : 
		On exit  : 
		Unchanged: 
 Data sizes:     COMMON   BANK0   BANK1   BANK3   BANK2
      Params:         0       0       0       0       0
      Locals:         0       0       0       0       0
      Temps:          0       0       0       0       0
      Totals:         0       0       0       0       0
Total ram usage:        0 bytes
 Hardware stack levels used:    1
 Hardware stack levels required when called:    2
 This function calls:
		Nothing
 This function is called by:
		_main
 This function uses a non-reentrant model


 *************** function _timer2_init *****************
 Defined at:
		line 38 in file "util.c"
 Parameters:    Size  Location     Type
		None
 Auto vars:     Size  Location     Type
		None
 Return value:  Size  Location     Type
		None               void
 Registers used:
		wreg, status,2, status,0
 Tracked objects:
		On entry : 
		On exit  : 
		Unchanged: 
 Data sizes:     COMMON   BANK0   BANK1   BANK3   BANK2
      Params:         0       0       0       0       0
      Locals:         0       0       0       0       0
      Temps:          0       0       0       0       0
      Totals:         0       0       0       0       0
Total ram usage:        0 bytes
 Hardware stack levels used:    1
 Hardware stack levels required when called:    2
 This function calls:
		Nothing
 This function is called by:
		_main
 This function uses a non-reentrant model


 *************** function _timer1_stop *****************
 Defined at:
		line 30 in file "util.c"
 Parameters:    Size  Location     Type
		None
 Auto vars:     Size  Location     Type
		None
 Return value:  Size  Location     Type
		None               void
 Registers used:
		None
 Tracked objects:
		On entry : 
		On exit  : 
		Unchanged: 
 Data sizes:     COMMON   BANK0   BANK1   BANK3   BANK2
      Params:         0       0       0       0       0
      Locals:         0       0       0       0       0
      Temps:          0       0       0       0       0
      Totals:         0       0       0       0       0
Total ram usage:        0 bytes
 Hardware stack levels used:    1
 Hardware stack levels required when called:    2
 This function calls:
		Nothing
 This function is called by:
		_main
 This function uses a non-reentrant model


 *************** function _timer1_start *****************
 Defined at:
		line 20 in file "util.c"
 Parameters:    Size  Location     Type
		None
 Auto vars:     Size  Location     Type
		None
 Return value:  Size  Location     Type
		None               void
 Registers used:
		None
 Tracked objects:
		On entry : 
		On exit  : 
		Unchanged: 
 Data sizes:     COMMON   BANK0   BANK1   BANK3   BANK2
      Params:         0       0       0       0       0
      Locals:         0       0       0       0       0
      Temps:          0       0       0       0       0
      Totals:         0       0       0       0       0
Total ram usage:        0 bytes
 Hardware stack levels used:    1
 Hardware stack levels required when called:    2
 This function calls:
		Nothing
 This function is called by:
		_main
 This function uses a non-reentrant model


 *************** function _timer1_init *****************
 Defined at:
		line 9 in file "util.c"
 Parameters:    Size  Location     Type
		None
 Auto vars:     Size  Location     Type
		None
 Return value:  Size  Location     Type
		None               void
 Registers used:
		wreg, status,2, status,0
 Tracked objects:
		On entry : 
		On exit  : 
		Unchanged: 
 Data sizes:     COMMON   BANK0   BANK1   BANK3   BANK2
      Params:         0       0       0       0       0
      Locals:         0       0       0       0       0
      Temps:          0       0       0       0       0
      Totals:         0       0       0       0       0
Total ram usage:        0 bytes
 Hardware stack levels used:    1
 Hardware stack levels required when called:    2
 This function calls:
		Nothing
 This function is called by:
		_main
 This function uses a non-reentrant model


 *************** function _timer0_start *****************
 Defined at:
		line 63 in file "util.c"
 Parameters:    Size  Location     Type
		None
 Auto vars:     Size  Location     Type
		None
 Return value:  Size  Location     Type
		None               void
 Registers used:
		None
 Tracked objects:
		On entry : 
		On exit  : 
		Unchanged: 
 Data sizes:     COMMON   BANK0   BANK1   BANK3   BANK2
      Params:         0       0       0       0       0
      Locals:         0       0       0       0       0
      Temps:          0       0       0       0       0
      Totals:         0       0       0       0       0
Total ram usage:        0 bytes
 Hardware stack levels used:    1
 Hardware stack levels required when called:    2
 This function calls:
		Nothing
 This function is called by:
		_main
 This function uses a non-reentrant model


 *************** function _timer0_init *****************
 Defined at:
		line 56 in file "util.c"
 Parameters:    Size  Location     Type
		None
 Auto vars:     Size  Location     Type
		None
 Return value:  Size  Location     Type
		None               void
 Registers used:
		wreg, status,2, status,0
 Tracked objects:
		On entry : 
		On exit  : 
		Unchanged: 
 Data sizes:     COMMON   BANK0   BANK1   BANK3   BANK2
      Params:         0       0       0       0       0
      Locals:         0       0       0       0       0
      Temps:          0       0       0       0       0
      Totals:         0       0       0       0       0
Total ram usage:        0 bytes
 Hardware stack levels used:    1
 Hardware stack levels required when called:    2
 This function calls:
		Nothing
 This function is called by:
		_main
 This function uses a non-reentrant model


 *************** function _blinkLed *****************
 Defined at:
		line 94 in file "util.c"
 Parameters:    Size  Location     Type
  stateOne        1    wreg     unsigned char 
  stateTwo        1    0[BANK0 ] unsigned char 
  almState        1    1[BANK0 ] unsigned char 
  blinkState      1    2[BANK0 ] PTR unsigned char 
		 -> blinkState(1), 
 Auto vars:     Size  Location     Type
  stateOne        1    4[BANK0 ] unsigned char 
 Return value:  Size  Location     Type
		None               void
 Registers used:
		wreg, fsr0l, fsr0h, status,2, status,0
 Tracked objects:
		On entry : 
		On exit  : 
		Unchanged: 
 Data sizes:     COMMON   BANK0   BANK1   BANK3   BANK2
      Params:         0       3       0       0       0
      Locals:         0       1       0       0       0
      Temps:          0       1       0       0       0
      Totals:         0       5       0       0       0
Total ram usage:        5 bytes
 Hardware stack levels used:    1
 Hardware stack levels required when called:    2
 This function calls:
		Nothing
 This function is called by:
		_main
 This function uses a non-reentrant model


 *************** function _adc_start *****************
 Defined at:
		line 86 in file "util.c"
 Parameters:    Size  Location     Type
		None
 Auto vars:     Size  Location     Type
		None
 Return value:  Size  Location     Type
		None               void
 Registers used:
		None
 Tracked objects:
		On entry : 
		On exit  : 
		Unchanged: 
 Data sizes:     COMMON   BANK0   BANK1   BANK3   BANK2
      Params:         0       0       0       0       0
      Locals:         0       0       0       0       0
      Temps:          0       0       0       0       0
      Totals:         0       0       0       0       0
Total ram usage:        0 bytes
 Hardware stack levels used:    1
 Hardware stack levels required when called:    2
 This function calls:
		Nothing
 This function is called by:
		_main
 This function uses a non-reentrant model


 *************** function _adc_init_CH0 *****************
 Defined at:
		line 76 in file "util.c"
 Parameters:    Size  Location     Type
		None
 Auto vars:     Size  Location     Type
		None
 Return value:  Size  Location     Type
		None               void
 Registers used:
		wreg, status,2, status,0
 Tracked objects:
		On entry : 
		On exit  : 
		Unchanged: 
 Data sizes:     COMMON   BANK0   BANK1   BANK3   BANK2
      Params:         0       0       0       0       0
      Locals:         0       0       0       0       0
      Temps:          0       0       0       0       0
      Totals:         0       0       0       0       0
Total ram usage:        0 bytes
 Hardware stack levels used:    1
 Hardware stack levels required when called:    2
 This function calls:
		Nothing
 This function is called by:
		_main
 This function uses a non-reentrant model


 *************** function _ISR *****************
 Defined at:
		line 65 in file "main.c"
 Parameters:    Size  Location     Type
		None
 Auto vars:     Size  Location     Type
		None
 Return value:  Size  Location     Type
		None               void
 Registers used:
		wreg, status,2, status,0, pclath, cstack
 Tracked objects:
		On entry : 
		On exit  : 
		Unchanged: 
 Data sizes:     COMMON   BANK0   BANK1   BANK3   BANK2
      Params:         0       0       0       0       0
      Locals:         0       0       0       0       0
      Temps:          6       0       0       0       0
      Totals:         6       0       0       0       0
Total ram usage:        6 bytes
 Hardware stack levels used:    1
 Hardware stack levels required when called:    1
 This function calls:
		___awmod
 This function is called by:
		Interrupt level 1
 This function uses a non-reentrant model


 *************** function ___awmod *****************
 Defined at:
		line 6 in file "/opt/microchip/xc8/v1.34/sources/common/awmod.c"
 Parameters:    Size  Location     Type
  divisor         2    0[COMMON] int 
  dividend        2    2[COMMON] int 
 Auto vars:     Size  Location     Type
  sign            1    6[COMMON] unsigned char 
  counter         1    5[COMMON] unsigned char 
 Return value:  Size  Location     Type
                  2    0[COMMON] int 
 Registers used:
		wreg, status,2, status,0
 Tracked objects:
		On entry : 
		On exit  : 
		Unchanged: 
 Data sizes:     COMMON   BANK0   BANK1   BANK3   BANK2
      Params:         4       0       0       0       0
      Locals:         2       0       0       0       0
      Temps:          1       0       0       0       0
      Totals:         7       0       0       0       0
Total ram usage:        7 bytes
 Hardware stack levels used:    1
 This function calls:
		Nothing
 This function is called by:
		_ISR
 This function uses a non-reentrant model



MODULE INFORMATION

Module		Function		Class		Link	Load	Size
/opt/microchip/xc8/v1.34/sources/common/awmod.c
		___awmod       		CODE           	02BF	0000	76

/opt/microchip/xc8/v1.34/sources/common/awmod.c estimated size: 76

shared
		__stringtab    		STRING         	034B	0000	7
		__initializatio		CODE           	0015	0000	33
		_FILTERTMR_ISEM		STRING         	0351	0000	3
		_FILTERTMR_ISFU		STRING         	0353	0000	3

shared estimated size: 46

util.c
		_adc_start     		CODE           	035F	0000	11
		_timer2_init   		CODE           	0372	0000	10
		_timer2_start  		CODE           	0369	0000	10
		_blinkLed      		CODE           	030A	0000	54
		_timer0_init   		CODE           	037B	0000	10
		_timer0_start  		CODE           	039E	0000	5
		_timer1_init   		CODE           	0394	0000	7
		_timer1_stop   		CODE           	038C	0000	9
		_timer1_start  		CODE           	0355	0000	11
		_adc_init_CH0  		CODE           	033F	0000	13

util.c estimated size: 140

main.c
		_ISR           		CODE           	021B	0000	165
		_main          		CODE           	0039	0000	483

main.c estimated size: 648

