Microchip MPLAB XC8 Compiler V1.34 ()

Linker command line:

--edf=/opt/microchip/xc8/v1.34/dat/en_msgs.txt -cs \
  -h+dist/default/debug/990027251-A_Firmware_Level_Alarm.debug.sym \
  --cmf=dist/default/debug/990027251-A_Firmware_Level_Alarm.debug.cmf -z \
  -Q16F876 -o/tmp/cgtFSADoc \
  -Mdist/default/debug/990027251-A_Firmware_Level_Alarm.debug.map -E1 \
  -ver=XC8 -ASTACK=0110h-016fh -pstack=STACK \
  -ACODE=00h-07FFhx3,01800h-01EFFh -ASTRCODE=00h-01EFFh \
  -ASTRING=00h-0FFhx31 -ACONST=00h-0FFhx31 -AENTRY=00h-0FFhx31 \
  -ACOMMON=071h-07Fh -ABANK0=020h-06Fh -ABANK1=0A0h-0EFh \
  -ABANK2=0110h-016Fh -ABANK3=0190h-01E4h \
  -ARAM=020h-06Fh,0A0h-0EFh,0110h-016Fh,0190h-01E4h \
  -AABS1=020h-07Fh,0A0h-0EFh,0110h-016Fh,0190h-01EFh -ASFR0=00h-01Fh \
  -ASFR1=080h-09Fh -ASFR2=0100h-010Fh -ASFR3=0180h-018Fh \
  -preset_vec=00h,intentry=04h,init,end_init -ppowerup=CODE -pcinit=CODE \
  -pfunctab=CODE -ACONFIG=02007h-02007h -pconfig=CONFIG -DCONFIG=2 \
  -AIDLOC=02000h-02003h -pidloc=IDLOC -DIDLOC=2 -AEEDATA=00h-0FFh/02100h \
  -peeprom_data=EEDATA -DEEDATA=2 -DCODE=2 -DSTRCODE=2 -DSTRING=2 -DCONST=2 \
  -DENTRY=2 -k /tmp/cgtKi3z4N.obj \
  dist/default/debug/990027251-A_Firmware_Level_Alarm.debug.obj 

Object code version is 3.11

Machine type is 16F876



                Name                               Link     Load   Length Selector   Space Scale
/tmp/cgtKi3z4N.obj
                end_init                             12       12        3        8       0
                reset_vec                             0        0        4        0       0
                config                             2007     2007        1     400E       0
dist/default/debug/990027251-A_Firmware_Level_Alarm.debug.obj
                cinit                               7EA      7EA       16      FD4       0
                intentry                              4        4        E        8       0
                text19                              520      520       4B      A40       0
                text18                              3EB      3EB        8      7D6       0
                text17                              56B      56B       C2      AD6       0
                text16                              436      436       13      86C       0
                text15                              42A      42A        C      854       0
                text14                              4DC      4DC       44      9B8       0
                text13                              3F3      3F3        8      7E6       0
                text12                              416      416        A      82C       0
                text11                              420      420        A      840       0
                text10                              4A0      4A0       3C      940       0
                text9                               477      477       29      8EE       0
                text8                               6FF      6FF       EB      DFE       0
                text7                               449      449       16      892       0
                text6                               45F      45F       18      8BE       0
                text5                               3FB      3FB        9      7F6       0
                text4                               3E1      3E1        4      7C2       0
                text3                               3E5      3E5        6      7CA       0
                text2                               404      404        9      808       0
                text1                               40D      40D        9      81A       0
                maintext                            62D      62D       D2      C5A       0
                cstackBANK0                          20       20       15       20       1
                cstackCOMMON                         71       71        7       71       1
                bssBANK0                             35       35        C       20       1
                bssCOMMON                            78       78        6       71       1
                strings                              15       15        A       2A       0

TOTAL           Name                               Link     Load   Length     Space
        CLASS   STACK          

        CLASS   CODE           
                end_init                             12       12        3         0
                cinit                               7EA      7EA       16         0
                intentry                              4        4        E         0
                reset_vec                             0        0        4         0
                text19                              520      520       4B         0
                text18                              3EB      3EB        8         0
                text17                              56B      56B       C2         0
                text16                              436      436       13         0
                text15                              42A      42A        C         0
                text14                              4DC      4DC       44         0
                text13                              3F3      3F3        8         0
                text12                              416      416        A         0
                text11                              420      420        A         0
                text10                              4A0      4A0       3C         0
                text9                               477      477       29         0
                text8                               6FF      6FF       EB         0
                text7                               449      449       16         0
                text6                               45F      45F       18         0
                text5                               3FB      3FB        9         0
                text4                               3E1      3E1        4         0
                text3                               3E5      3E5        6         0
                text2                               404      404        9         0
                text1                               40D      40D        9         0
                maintext                            62D      62D       D2         0

        CLASS   STRCODE        

        CLASS   STRING         
                strings                              15       15        A         0

        CLASS   CONST          

        CLASS   ENTRY          

        CLASS   COMMON         
                cstackCOMMON                         71       71        7         1
                bssCOMMON                            78       78        6         1

        CLASS   BANK0          
                cstackBANK0                          20       20       15         1
                bssBANK0                             35       35        C         1

        CLASS   BANK1          

        CLASS   BANK2          

        CLASS   BANK3          

        CLASS   RAM            

        CLASS   ABS1           
                abs_s1                               7E       7E        2         1

        CLASS   SFR0           

        CLASS   SFR1           

        CLASS   SFR2           

        CLASS   SFR3           

        CLASS   CONFIG         
                config                             2007     2007        1         0

        CLASS   IDLOC          

        CLASS   EEDATA         



SEGMENTS        Name                           Load    Length   Top    Selector   Space  Class     Delta

                reset_vec                      000000  000004  000004         0       0  CODE        2
                intentry                       000004  000011  000015         8       0  CODE        2
                cstackBANK0                    000020  000021  000041        20       1  BANK0       1
                strings                        000015  00000A  00001F        2A       0  STRING      2
                cstackCOMMON                   000071  00000D  00007E        71       1  COMMON      1
                text4                          0003E1  000004  0003E5       7C2       0  CODE        2
                text3                          0003E5  000006  0003EB       7CA       0  CODE        2
                text18                         0003EB  000008  0003F3       7D6       0  CODE        2
                text13                         0003F3  000008  0003FB       7E6       0  CODE        2
                text5                          0003FB  000009  000404       7F6       0  CODE        2
                text2                          000404  000009  00040D       808       0  CODE        2
                text1                          00040D  000009  000416       81A       0  CODE        2
                text12                         000416  00000A  000420       82C       0  CODE        2
                text11                         000420  00000A  00042A       840       0  CODE        2
                text15                         00042A  00000C  000436       854       0  CODE        2
                text16                         000436  000013  000449       86C       0  CODE        2
                text7                          000449  000016  00045F       892       0  CODE        2
                text6                          00045F  000018  000477       8BE       0  CODE        2
                text9                          000477  000029  0004A0       8EE       0  CODE        2
                text10                         0004A0  00003C  0004DC       940       0  CODE        2
                text14                         0004DC  000044  000520       9B8       0  CODE        2
                text19                         000520  00004B  00056B       A40       0  CODE        2
                text17                         00056B  0000C2  00062D       AD6       0  CODE        2
                maintext                       00062D  0000D2  0006FF       C5A       0  CODE        2
                text8                          0006FF  0000EB  0007EA       DFE       0  CODE        2
                cinit                          0007EA  000016  000800       FD4       0  CODE        2
                config                         002007  000001  002008      400E       0  CONFIG      2


UNUSED ADDRESS RANGES

        Name                Unused          Largest block    Delta
        BANK0            0041-006F             2F           1
        BANK1            00A0-00EF             50           1
        BANK2            0110-016F             60           1
        BANK3            0190-01E4             55           1
        CODE             001F-03E0            3C2           2
                         0800-1EFF            800
        CONST            001F-03E0            100           2
                         0800-1EFF            100
        EEDATA           2100-21FF            100           2
        ENTRY            001F-03E0            100           2
                         0800-1EFF            100
        IDLOC            2000-2003              4           2
        RAM              0041-006F             2F           1
                         00A0-00EF             50
                         0110-016F             60
                         0190-01E4             55
        SFR0             0000-001F             20           1
        SFR1             0080-009F             20           1
        SFR2             0100-010F             10           1
        SFR3             0180-018F             10           1
        STACK            0110-016F             60           1
        STRCODE          001F-03E0            3C2           2
                         0800-1EFF           1700
        STRING           001F-03E0            100           2
                         0800-1EFF            100

                                  Symbol Table

?___awmod                   cstackCOMMON 0071
ISR@adcResult               bssBANK0     0035
ISR@blinkCounter            bssCOMMON    0078
_ADCON0bits                 (abs)        001F
_ADCON1bits                 (abs)        009F
_ADIE                       (abs)        0466
_ADIF                       (abs)        0066
_ADRESH                     (abs)        001E
_ADRESL                     (abs)        009E
_FILTERTMR_TO_EMPTY         strings      001B
_FILTERTMR_TO_FULL          strings      001D
_INTCONbits                 (abs)        000B
_ISR                        text17       056B
_OPTION_REGbits             (abs)        0081
_PIE1bits                   (abs)        008C
_PORTB                      (abs)        0006
_PORTC                      (abs)        0007
_T1CONbits                  (abs)        0010
_T2CONbits                  (abs)        0012
_TMR0IE                     (abs)        005D
_TMR0IF                     (abs)        005A
_TMR1IE                     (abs)        0460
_TMR1IF                     (abs)        0060
_TMR2IE                     (abs)        0461
_TMR2IF                     (abs)        0061
_TRISA                      (abs)        0085
_TRISB                      (abs)        0086
_TRISC                      (abs)        0087
__CFG_BOREN$ON              (abs)        0000
__CFG_CP$OFF                (abs)        0000
__CFG_CPD$OFF               (abs)        0000
__CFG_FOSC$HS               (abs)        0000
__CFG_LVP$OFF               (abs)        0000
__CFG_PWRTE$OFF             (abs)        0000
__CFG_WDTE$OFF              (abs)        0000
__CFG_WRT$ON                (abs)        0000
__Habs1                     abs1         0000
__Hbank0                    bank0        0000
__Hbank1                    bank1        0000
__Hbank2                    bank2        0000
__Hbank3                    bank3        0000
__HbssBANK0                 bssBANK0     0000
__HbssCOMMON                bssCOMMON    0000
__Hcinit                    cinit        0800
__Hclrtext                  clrtext      0000
__Hcode                     code         0000
__Hcommon                   common       0000
__Hconfig                   config       2008
__HcstackBANK0              cstackBANK0  0000
__HcstackCOMMON             cstackCOMMON 0000
__Heeprom_data              eeprom_data  0000
__Hend_init                 end_init     0015
__Hfunctab                  functab      0000
__Hidloc                    idloc        0000
__Hinit                     init         0012
__Hintentry                 intentry     0012
__Hmaintext                 maintext     0000
__Hpowerup                  powerup      0000
__Hram                      ram          0000
__Hreset_vec                reset_vec    0004
__Hsfr0                     sfr0         0000
__Hsfr1                     sfr1         0000
__Hsfr2                     sfr2         0000
__Hsfr3                     sfr3         0000
__Hspace_0                  (abs)        2008
__Hspace_1                  (abs)        007E
__Hspace_2                  (abs)        0000
__Hspace_3                  (abs)        0000
__Hstack                    stack        0000
__Hstrings                  strings      0000
__Htext                     text         0000
__Labs1                     abs1         0000
__Lbank0                    bank0        0000
__Lbank1                    bank1        0000
__Lbank2                    bank2        0000
__Lbank3                    bank3        0000
__LbssBANK0                 bssBANK0     0000
__LbssCOMMON                bssCOMMON    0000
__Lcinit                    cinit        07EA
__Lclrtext                  clrtext      0000
__Lcode                     code         0000
__Lcommon                   common       0000
__Lconfig                   config       2007
__LcstackBANK0              cstackBANK0  0000
__LcstackCOMMON             cstackCOMMON 0000
__Leeprom_data              eeprom_data  0000
__Lend_init                 end_init     0012
__Lfunctab                  functab      0000
__Lidloc                    idloc        0000
__Linit                     init         0012
__Lintentry                 intentry     0004
__Lmaintext                 maintext     0000
__Lpowerup                  powerup      0000
__Lram                      ram          0000
__Lreset_vec                reset_vec    0000
__Lsfr0                     sfr0         0000
__Lsfr1                     sfr1         0000
__Lsfr2                     sfr2         0000
__Lsfr3                     sfr3         0000
__Lspace_0                  (abs)        0000
__Lspace_1                  (abs)        0000
__Lspace_2                  (abs)        0000
__Lspace_3                  (abs)        0000
__Lstack                    stack        0000
__Lstrings                  strings      0000
__Ltext                     text         0000
__S0                        (abs)        2008
__S1                        (abs)        007E
__S2                        (abs)        0000
__S3                        (abs)        0000
___awmod                    text19       0520
___awmod@counter            cstackCOMMON 0076
___awmod@dividend           cstackCOMMON 0073
___awmod@divisor            cstackCOMMON 0071
___awmod@sign               cstackCOMMON 0077
___bmul                     text16       0436
___bmul@multiplicand        cstackBANK0  0027
___bmul@multiplier          cstackBANK0  002A
___bmul@product             cstackBANK0  0029
___int_sp                   stack        0000
___latbits                  (abs)        0002
___sp                       stack        0000
__end_of_FILTERTMR_TO_EMPTY strings      001D
__end_of_FILTERTMR_TO_FULL  strings      001F
__end_of_ISR                text17       062D
__end_of___awmod            text19       056B
__end_of___bmul             text16       0449
__end_of__initialization    cinit        07FC
__end_of__stringtab         strings      001B
__end_of_adc_init_CH0       text15       0436
__end_of_adc_start          text12       0420
__end_of_blinkLed           text14       0520
__end_of_checkAlarmState    text9        04A0
__end_of_checkSensorState   text8        07EA
__end_of_checkTankStatus    text7        045F
__end_of_init_sensor        text6        0477
__end_of_main               maintext     06FF
__end_of_timer0_init        text5        0404
__end_of_timer0_start       text4        03E5
__end_of_timer1_init        text3        03EB
__end_of_timer1_start       text11       042A
__end_of_timer1_stop        text13       03FB
__end_of_timer2_init        text2        040D
__end_of_timer2_start       text1        0416
__end_of_turnAlarmOn        text10       04DC
__end_ofi1_timer1_stop      text18       03F3
__initialization            cinit        07EA
__pbssBANK0                 bssBANK0     0035
__pbssCOMMON                bssCOMMON    0078
__pcstackBANK0              cstackBANK0  0020
__pcstackCOMMON             cstackCOMMON 0071
__pintentry                 intentry     0004
__pmaintext                 maintext     062D
__pstrings                  strings      0015
__ptext1                    text1        040D
__ptext10                   text10       04A0
__ptext11                   text11       0420
__ptext12                   text12       0416
__ptext13                   text13       03F3
__ptext14                   text14       04DC
__ptext15                   text15       042A
__ptext16                   text16       0436
__ptext17                   text17       056B
__ptext18                   text18       03EB
__ptext19                   text19       0520
__ptext2                    text2        0404
__ptext3                    text3        03E5
__ptext4                    text4        03E1
__ptext5                    text5        03FB
__ptext6                    text6        045F
__ptext7                    text7        0449
__ptext8                    text8        06FF
__ptext9                    text9        0477
__size_of_ISR               (abs)        0000
__size_of___awmod           (abs)        0000
__size_of___bmul            (abs)        0000
__size_of_adc_init_CH0      (abs)        0000
__size_of_adc_start         (abs)        0000
__size_of_blinkLed          (abs)        0000
__size_of_checkAlarmState   (abs)        0000
__size_of_checkSensorState  (abs)        0000
__size_of_checkTankStatus   (abs)        0000
__size_of_init_sensor       (abs)        0000
__size_of_main              (abs)        0000
__size_of_timer0_init       (abs)        0000
__size_of_timer0_start      (abs)        0000
__size_of_timer1_init       (abs)        0000
__size_of_timer1_start      (abs)        0000
__size_of_timer1_stop       (abs)        0000
__size_of_timer2_init       (abs)        0000
__size_of_timer2_start      (abs)        0000
__size_of_turnAlarmOn       (abs)        0000
__size_ofi1_timer1_stop     (abs)        0000
__stringbase                strings      001A
__stringtab                 strings      0015
_adc_init_CH0               text15       042A
_adc_start                  text12       0416
_blinkLed                   text14       04DC
_blinkState                 bssCOMMON    007D
_checkAlarmState            text9        0477
_checkSensorState           text8        06FF
_checkTankStatus            text7        0449
_init_sensor                text6        045F
_levelSensors               bssBANK0     0037
_main                       maintext     062D
_theAlarm                   bssCOMMON    007A
_timer0_init                text5        03FB
_timer0_start               text4        03E1
_timer1_init                text3        03E5
_timer1_start               text11       0420
_timer1_stop                text13       03F3
_timer2_init                text2        0404
_timer2_start               text1        040D
_turnAlarmOn                text10       04A0
blinkLed@almState           cstackBANK0  0028
blinkLed@blinkState         cstackBANK0  0029
blinkLed@stateOne           cstackBANK0  002B
blinkLed@stateTwo           cstackBANK0  0027
btemp                       (abs)        007E
checkAlarmState@theAlarm    cstackBANK0  002B
checkAlarmState@theSensor   cstackBANK0  002E
checkSensorState@theSensor  cstackBANK0  002C
checkTankStatus@theSensor   cstackBANK0  0028
end_of_initialization       cinit        07FC
i1_timer1_stop              text18       03EB
init_sensor@theSensor_init  cstackBANK0  0028
interrupt_function          intentry     0004
intlevel0                   functab      0000
intlevel1                   functab      0000
intlevel2                   functab      0000
intlevel3                   functab      0000
intlevel4                   functab      0000
intlevel5                   functab      0000
ltemp                       (abs)        007E
ltemp0                      (abs)        007E
ltemp1                      (abs)        0082
ltemp2                      (abs)        0086
ltemp3                      (abs)        0080
main@i                      cstackBANK0  0034
main@i_139                  cstackBANK0  0032
reset_vec                   reset_vec    0000
saved_w                     (abs)        007E
stackhi                     (abs)        0000
stacklo                     (abs)        0000
start                       init         0012
start_initialization        cinit        07EA
ttemp                       (abs)        007E
ttemp0                      (abs)        007E
ttemp1                      (abs)        0081
ttemp2                      (abs)        0084
ttemp3                      (abs)        0087
ttemp4                      (abs)        007F
turnAlarmOn@theAlarm        cstackBANK0  0028
wtemp                       (abs)        007E
wtemp0                      (abs)        007E
wtemp1                      (abs)        0080
wtemp2                      (abs)        0082
wtemp3                      (abs)        0084
wtemp4                      (abs)        0086
wtemp5                      (abs)        0088
wtemp6                      (abs)        007F


FUNCTION INFORMATION:

 *************** function _main *****************
 Defined at:
		line 123 in file "main.c"
 Parameters:    Size  Location     Type
		None
 Auto vars:     Size  Location     Type
  i               2   18[BANK0 ] int 
  i               1   20[BANK0 ] unsigned char 
 Return value:  Size  Location     Type
                  2   98[None  ] int 
 Registers used:
		wreg, fsr0l, fsr0h, status,2, status,0, btemp+1, pclath, cstack
 Tracked objects:
		On entry : 
		On exit  : 
		Unchanged: 
 Data sizes:     COMMON   BANK0   BANK1   BANK3   BANK2
      Params:         0       0       0       0       0
      Locals:         0       3       0       0       0
      Temps:          0       3       0       0       0
      Totals:         0       6       0       0       0
Total ram usage:        6 bytes
 Hardware stack levels required when called:    5
 This function calls:
		___bmul
		_adc_init_CH0
		_blinkLed
		_checkAlarmState
		_checkSensorState
		_checkTankStatus
		_init_sensor
		_timer0_init
		_timer0_start
		_timer1_init
		_timer2_init
		_timer2_start
 This function is called by:
		Startup code after reset
 This function uses a non-reentrant model


 *************** function _timer2_start *****************
 Defined at:
		line 162 in file "util.c"
 Parameters:    Size  Location     Type
		None
 Auto vars:     Size  Location     Type
		None
 Return value:  Size  Location     Type
		None               void
 Registers used:
		None
 Tracked objects:
		On entry : 
		On exit  : 
		Unchanged: 
 Data sizes:     COMMON   BANK0   BANK1   BANK3   BANK2
      Params:         0       0       0       0       0
      Locals:         0       0       0       0       0
      Temps:          0       0       0       0       0
      Totals:         0       0       0       0       0
Total ram usage:        0 bytes
 Hardware stack levels used:    1
 Hardware stack levels required when called:    2
 This function calls:
		Nothing
 This function is called by:
		_main
 This function uses a non-reentrant model


 *************** function _timer2_init *****************
 Defined at:
		line 157 in file "util.c"
 Parameters:    Size  Location     Type
		None
 Auto vars:     Size  Location     Type
		None
 Return value:  Size  Location     Type
		None               void
 Registers used:
		wreg, status,2, status,0
 Tracked objects:
		On entry : 
		On exit  : 
		Unchanged: 
 Data sizes:     COMMON   BANK0   BANK1   BANK3   BANK2
      Params:         0       0       0       0       0
      Locals:         0       0       0       0       0
      Temps:          0       0       0       0       0
      Totals:         0       0       0       0       0
Total ram usage:        0 bytes
 Hardware stack levels used:    1
 Hardware stack levels required when called:    2
 This function calls:
		Nothing
 This function is called by:
		_main
 This function uses a non-reentrant model


 *************** function _timer1_init *****************
 Defined at:
		line 128 in file "util.c"
 Parameters:    Size  Location     Type
		None
 Auto vars:     Size  Location     Type
		None
 Return value:  Size  Location     Type
		None               void
 Registers used:
		wreg, status,2, status,0
 Tracked objects:
		On entry : 
		On exit  : 
		Unchanged: 
 Data sizes:     COMMON   BANK0   BANK1   BANK3   BANK2
      Params:         0       0       0       0       0
      Locals:         0       0       0       0       0
      Temps:          0       0       0       0       0
      Totals:         0       0       0       0       0
Total ram usage:        0 bytes
 Hardware stack levels used:    1
 Hardware stack levels required when called:    2
 This function calls:
		Nothing
 This function is called by:
		_main
 This function uses a non-reentrant model


 *************** function _timer0_start *****************
 Defined at:
		line 182 in file "util.c"
 Parameters:    Size  Location     Type
		None
 Auto vars:     Size  Location     Type
		None
 Return value:  Size  Location     Type
		None               void
 Registers used:
		None
 Tracked objects:
		On entry : 
		On exit  : 
		Unchanged: 
 Data sizes:     COMMON   BANK0   BANK1   BANK3   BANK2
      Params:         0       0       0       0       0
      Locals:         0       0       0       0       0
      Temps:          0       0       0       0       0
      Totals:         0       0       0       0       0
Total ram usage:        0 bytes
 Hardware stack levels used:    1
 Hardware stack levels required when called:    2
 This function calls:
		Nothing
 This function is called by:
		_main
 This function uses a non-reentrant model


 *************** function _timer0_init *****************
 Defined at:
		line 175 in file "util.c"
 Parameters:    Size  Location     Type
		None
 Auto vars:     Size  Location     Type
		None
 Return value:  Size  Location     Type
		None               void
 Registers used:
		wreg, status,2, status,0
 Tracked objects:
		On entry : 
		On exit  : 
		Unchanged: 
 Data sizes:     COMMON   BANK0   BANK1   BANK3   BANK2
      Params:         0       0       0       0       0
      Locals:         0       0       0       0       0
      Temps:          0       0       0       0       0
      Totals:         0       0       0       0       0
Total ram usage:        0 bytes
 Hardware stack levels used:    1
 Hardware stack levels required when called:    2
 This function calls:
		Nothing
 This function is called by:
		_main
 This function uses a non-reentrant model


 *************** function _init_sensor *****************
 Defined at:
		line 95 in file "util.c"
 Parameters:    Size  Location     Type
  theSensor_in    1    wreg     PTR volatile struct leve
		 -> levelSensors(10), 
 Auto vars:     Size  Location     Type
  theSensor_in    1    8[BANK0 ] PTR volatile struct leve
		 -> levelSensors(10), 
 Return value:  Size  Location     Type
		None               void
 Registers used:
		wreg, fsr0l, fsr0h, status,2, status,0
 Tracked objects:
		On entry : 
		On exit  : 
		Unchanged: 
 Data sizes:     COMMON   BANK0   BANK1   BANK3   BANK2
      Params:         0       0       0       0       0
      Locals:         0       1       0       0       0
      Temps:          0       1       0       0       0
      Totals:         0       2       0       0       0
Total ram usage:        2 bytes
 Hardware stack levels used:    1
 Hardware stack levels required when called:    2
 This function calls:
		Nothing
 This function is called by:
		_main
 This function uses a non-reentrant model


 *************** function _checkTankStatus *****************
 Defined at:
		line 4 in file "util.c"
 Parameters:    Size  Location     Type
  theSensor       1    wreg     PTR volatile struct leve
		 -> levelSensors(10), 
 Auto vars:     Size  Location     Type
  theSensor       1    8[BANK0 ] PTR volatile struct leve
		 -> levelSensors(10), 
 Return value:  Size  Location     Type
		None               void
 Registers used:
		wreg, fsr0l, fsr0h, status,2, status,0
 Tracked objects:
		On entry : 
		On exit  : 
		Unchanged: 
 Data sizes:     COMMON   BANK0   BANK1   BANK3   BANK2
      Params:         0       0       0       0       0
      Locals:         0       1       0       0       0
      Temps:          0       1       0       0       0
      Totals:         0       2       0       0       0
Total ram usage:        2 bytes
 Hardware stack levels used:    1
 Hardware stack levels required when called:    2
 This function calls:
		Nothing
 This function is called by:
		_main
 This function uses a non-reentrant model


 *************** function _checkSensorState *****************
 Defined at:
		line 20 in file "util.c"
 Parameters:    Size  Location     Type
  theSensor       1    wreg     PTR volatile struct leve
		 -> levelSensors(10), 
 Auto vars:     Size  Location     Type
  theSensor       1   12[BANK0 ] PTR volatile struct leve
		 -> levelSensors(10), 
 Return value:  Size  Location     Type
		None               void
 Registers used:
		wreg, fsr0l, fsr0h, status,2, status,0, btemp+1, pclath
 Tracked objects:
		On entry : 
		On exit  : 
		Unchanged: 
 Data sizes:     COMMON   BANK0   BANK1   BANK3   BANK2
      Params:         0       0       0       0       0
      Locals:         0       1       0       0       0
      Temps:          0       5       0       0       0
      Totals:         0       6       0       0       0
Total ram usage:        6 bytes
 Hardware stack levels used:    1
 Hardware stack levels required when called:    2
 This function calls:
		Nothing
 This function is called by:
		_main
 This function uses a non-reentrant model


 *************** function _checkAlarmState *****************
 Defined at:
		line 4 in file "alarm_source.c"
 Parameters:    Size  Location     Type
  theSensor       1    wreg     PTR volatile struct leve
		 -> levelSensors(10), 
  theAlarm        1   11[BANK0 ] PTR volatile struct Alar
		 -> theAlarm(3), 
 Auto vars:     Size  Location     Type
  theSensor       1   14[BANK0 ] PTR volatile struct leve
		 -> levelSensors(10), 
 Return value:  Size  Location     Type
		None               void
 Registers used:
		wreg, fsr0l, fsr0h, status,2, status,0, pclath, cstack
 Tracked objects:
		On entry : 
		On exit  : 
		Unchanged: 
 Data sizes:     COMMON   BANK0   BANK1   BANK3   BANK2
      Params:         0       1       0       0       0
      Locals:         0       1       0       0       0
      Temps:          0       2       0       0       0
      Totals:         0       4       0       0       0
Total ram usage:        4 bytes
 Hardware stack levels used:    1
 Hardware stack levels required when called:    4
 This function calls:
		_timer1_stop
		_turnAlarmOn
 This function is called by:
		_main
 This function uses a non-reentrant model


 *************** function _turnAlarmOn *****************
 Defined at:
		line 21 in file "alarm_source.c"
 Parameters:    Size  Location     Type
  theAlarm        1    wreg     PTR volatile struct Alar
		 -> theAlarm(3), 
 Auto vars:     Size  Location     Type
  theAlarm        1    8[BANK0 ] PTR volatile struct Alar
		 -> theAlarm(3), 
 Return value:  Size  Location     Type
		None               void
 Registers used:
		wreg, fsr0l, fsr0h, status,2, status,0, pclath, cstack
 Tracked objects:
		On entry : 
		On exit  : 
		Unchanged: 
 Data sizes:     COMMON   BANK0   BANK1   BANK3   BANK2
      Params:         0       0       0       0       0
      Locals:         0       1       0       0       0
      Temps:          0       1       0       0       0
      Totals:         0       2       0       0       0
Total ram usage:        2 bytes
 Hardware stack levels used:    1
 Hardware stack levels required when called:    3
 This function calls:
		_adc_start
		_timer1_start
 This function is called by:
		_checkAlarmState
 This function uses a non-reentrant model


 *************** function _timer1_start *****************
 Defined at:
		line 139 in file "util.c"
 Parameters:    Size  Location     Type
		None
 Auto vars:     Size  Location     Type
		None
 Return value:  Size  Location     Type
		None               void
 Registers used:
		None
 Tracked objects:
		On entry : 
		On exit  : 
		Unchanged: 
 Data sizes:     COMMON   BANK0   BANK1   BANK3   BANK2
      Params:         0       0       0       0       0
      Locals:         0       0       0       0       0
      Temps:          0       0       0       0       0
      Totals:         0       0       0       0       0
Total ram usage:        0 bytes
 Hardware stack levels used:    1
 Hardware stack levels required when called:    2
 This function calls:
		Nothing
 This function is called by:
		_turnAlarmOn
 This function uses a non-reentrant model


 *************** function _adc_start *****************
 Defined at:
		line 205 in file "util.c"
 Parameters:    Size  Location     Type
		None
 Auto vars:     Size  Location     Type
		None
 Return value:  Size  Location     Type
		None               void
 Registers used:
		None
 Tracked objects:
		On entry : 
		On exit  : 
		Unchanged: 
 Data sizes:     COMMON   BANK0   BANK1   BANK3   BANK2
      Params:         0       0       0       0       0
      Locals:         0       0       0       0       0
      Temps:          0       0       0       0       0
      Totals:         0       0       0       0       0
Total ram usage:        0 bytes
 Hardware stack levels used:    1
 Hardware stack levels required when called:    2
 This function calls:
		Nothing
 This function is called by:
		_turnAlarmOn
 This function uses a non-reentrant model


 *************** function _timer1_stop *****************
 Defined at:
		line 149 in file "util.c"
 Parameters:    Size  Location     Type
		None
 Auto vars:     Size  Location     Type
		None
 Return value:  Size  Location     Type
		None               void
 Registers used:
		None
 Tracked objects:
		On entry : 
		On exit  : 
		Unchanged: 
 Data sizes:     COMMON   BANK0   BANK1   BANK3   BANK2
      Params:         0       0       0       0       0
      Locals:         0       0       0       0       0
      Temps:          0       0       0       0       0
      Totals:         0       0       0       0       0
Total ram usage:        0 bytes
 Hardware stack levels used:    1
 Hardware stack levels required when called:    2
 This function calls:
		Nothing
 This function is called by:
		_checkAlarmState
		_turnAlarmOff
 This function uses a non-reentrant model


 *************** function _blinkLed *****************
 Defined at:
		line 104 in file "util.c"
 Parameters:    Size  Location     Type
  stateOne        1    wreg     PTR enum E1033
		 -> levelSensors(10), 
  stateTwo        1    7[BANK0 ] PTR enum E1033
		 -> levelSensors(10), 
  almState        1    8[BANK0 ] PTR enum E1005
		 -> theAlarm(3), 
  blinkState      1    9[BANK0 ] PTR enum E1026
		 -> blinkState(1), 
 Auto vars:     Size  Location     Type
  stateOne        1   11[BANK0 ] PTR enum E1033
		 -> levelSensors(10), 
 Return value:  Size  Location     Type
		None               void
 Registers used:
		wreg, fsr0l, fsr0h, status,2, status,0
 Tracked objects:
		On entry : 
		On exit  : 
		Unchanged: 
 Data sizes:     COMMON   BANK0   BANK1   BANK3   BANK2
      Params:         0       3       0       0       0
      Locals:         0       1       0       0       0
      Temps:          0       1       0       0       0
      Totals:         0       5       0       0       0
Total ram usage:        5 bytes
 Hardware stack levels used:    1
 Hardware stack levels required when called:    2
 This function calls:
		Nothing
 This function is called by:
		_main
 This function uses a non-reentrant model


 *************** function _adc_init_CH0 *****************
 Defined at:
		line 195 in file "util.c"
 Parameters:    Size  Location     Type
		None
 Auto vars:     Size  Location     Type
		None
 Return value:  Size  Location     Type
		None               void
 Registers used:
		wreg, status,2, status,0
 Tracked objects:
		On entry : 
		On exit  : 
		Unchanged: 
 Data sizes:     COMMON   BANK0   BANK1   BANK3   BANK2
      Params:         0       0       0       0       0
      Locals:         0       0       0       0       0
      Temps:          0       0       0       0       0
      Totals:         0       0       0       0       0
Total ram usage:        0 bytes
 Hardware stack levels used:    1
 Hardware stack levels required when called:    2
 This function calls:
		Nothing
 This function is called by:
		_main
 This function uses a non-reentrant model


 *************** function ___bmul *****************
 Defined at:
		line 4 in file "/opt/microchip/xc8/v1.34/sources/common/Umul8.c"
 Parameters:    Size  Location     Type
  multiplier      1    wreg     unsigned char 
  multiplicand    1    7[BANK0 ] unsigned char 
 Auto vars:     Size  Location     Type
  multiplier      1   10[BANK0 ] unsigned char 
  product         1    9[BANK0 ] unsigned char 
 Return value:  Size  Location     Type
                  1    wreg      unsigned char 
 Registers used:
		wreg, status,2, status,0
 Tracked objects:
		On entry : 
		On exit  : 
		Unchanged: 
 Data sizes:     COMMON   BANK0   BANK1   BANK3   BANK2
      Params:         0       1       0       0       0
      Locals:         0       2       0       0       0
      Temps:          0       1       0       0       0
      Totals:         0       4       0       0       0
Total ram usage:        4 bytes
 Hardware stack levels used:    1
 Hardware stack levels required when called:    2
 This function calls:
		Nothing
 This function is called by:
		_main
 This function uses a non-reentrant model


 *************** function _ISR *****************
 Defined at:
		line 43 in file "main.c"
 Parameters:    Size  Location     Type
		None
 Auto vars:     Size  Location     Type
		None
 Return value:  Size  Location     Type
		None               void
 Registers used:
		wreg, fsr0l, fsr0h, status,2, status,0, pclath, cstack
 Tracked objects:
		On entry : 
		On exit  : 
		Unchanged: 
 Data sizes:     COMMON   BANK0   BANK1   BANK3   BANK2
      Params:         0       0       0       0       0
      Locals:         0       0       0       0       0
      Temps:          0       7       0       0       0
      Totals:         0       7       0       0       0
Total ram usage:        7 bytes
 Hardware stack levels used:    1
 Hardware stack levels required when called:    1
 This function calls:
		___awmod
		i1_timer1_stop
 This function is called by:
		Interrupt level 1
 This function uses a non-reentrant model


 *************** function i1_timer1_stop *****************
 Defined at:
		line 149 in file "util.c"
 Parameters:    Size  Location     Type
		None
 Auto vars:     Size  Location     Type
		None
 Return value:  Size  Location     Type
		None               void
 Registers used:
		None
 Tracked objects:
		On entry : 
		On exit  : 
		Unchanged: 
 Data sizes:     COMMON   BANK0   BANK1   BANK3   BANK2
      Params:         0       0       0       0       0
      Locals:         0       0       0       0       0
      Temps:          0       0       0       0       0
      Totals:         0       0       0       0       0
Total ram usage:        0 bytes
 Hardware stack levels used:    1
 This function calls:
		Nothing
 This function is called by:
		_ISR
 This function uses a non-reentrant model


 *************** function ___awmod *****************
 Defined at:
		line 6 in file "/opt/microchip/xc8/v1.34/sources/common/awmod.c"
 Parameters:    Size  Location     Type
  divisor         2    0[COMMON] int 
  dividend        2    2[COMMON] int 
 Auto vars:     Size  Location     Type
  sign            1    6[COMMON] unsigned char 
  counter         1    5[COMMON] unsigned char 
 Return value:  Size  Location     Type
                  2    0[COMMON] int 
 Registers used:
		wreg, status,2, status,0
 Tracked objects:
		On entry : 
		On exit  : 
		Unchanged: 
 Data sizes:     COMMON   BANK0   BANK1   BANK3   BANK2
      Params:         4       0       0       0       0
      Locals:         2       0       0       0       0
      Temps:          1       0       0       0       0
      Totals:         7       0       0       0       0
Total ram usage:        7 bytes
 Hardware stack levels used:    1
 This function calls:
		Nothing
 This function is called by:
		_ISR
 This function uses a non-reentrant model



MODULE INFORMATION

Module		Function		Class		Link	Load	Size
/opt/microchip/xc8/v1.34/sources/common/awmod.c
		___awmod       		CODE           	0520	0000	76

/opt/microchip/xc8/v1.34/sources/common/awmod.c estimated size: 76

shared
		__stringtab    		STRING         	0015	0000	7
		_FILTERTMR_TO_E		STRING         	001B	0000	3
		_FILTERTMR_TO_F		STRING         	001D	0000	3
		__initializatio		CODE           	07EA	0000	19
		i1_timer1_stop 		CODE           	03EB	0000	9

shared estimated size: 41

alarm_source.c
		_turnAlarmOn   		CODE           	04A0	0000	61
		_checkAlarmStat		CODE           	0477	0000	42

alarm_source.c estimated size: 103

util.c
		_adc_start     		CODE           	0416	0000	11
		_timer2_init   		CODE           	0404	0000	10
		_timer2_start  		CODE           	040D	0000	10
		_blinkLed      		CODE           	04DC	0000	69
		_timer0_init   		CODE           	03FB	0000	10
		_init_sensor   		CODE           	045F	0000	25
		_timer0_start  		CODE           	03E1	0000	5
		_checkSensorSta		CODE           	06FF	0000	236
		_timer1_init   		CODE           	03E5	0000	7
		_timer1_stop   		CODE           	03F3	0000	9
		_timer1_start  		CODE           	0420	0000	11
		_adc_init_CH0  		CODE           	042A	0000	13
		_checkTankStatu		CODE           	0449	0000	23

util.c estimated size: 439

/opt/microchip/xc8/v1.34/sources/common/Umul8.c
		___bmul        		CODE           	0436	0000	20

/opt/microchip/xc8/v1.34/sources/common/Umul8.c estimated size: 20

main.c
		_ISR           		CODE           	056B	0000	195
		_main          		CODE           	062D	0000	211

main.c estimated size: 406

